// Jest Snapshot v1, https://goo.gl/fbAQLP

exports[`Textbox renders examples: lg 1`] = `
Array [
  <div>
    <div
      aria-describedby="input-default-text"
      className="tdd-MuiFormControl-root"
      onBlur={[Function]}
      onFocus={[Function]}
    >
      <label
        className="tdd-MuiFormLabel-root tdd-Textbox--root tdd-MuiInputLabel-root tdd-WithStyles(InputLabel)-root tdd-MuiInputLabel-formControl tdd-MuiInputLabel-animated"
        data-shrink={false}
        htmlFor="input-default"
      >
        Default
      </label>
      <div
        className="tdd-MuiInput-root tdd-WithStyles(Input)-root tdd-MuiInput-formControl tdd-MuiInput-underline tdd-WithStyles(Input)-underline"
      >
        <input
          aria-invalid={false}
          aria-required={false}
          autoComplete={undefined}
          autoFocus={undefined}
          className="tdd-MuiInput-input"
          defaultValue={undefined}
          disabled={false}
          id="input-default"
          name={undefined}
          onBlur={[Function]}
          onChange={[Function]}
          onFocus={[Function]}
          onKeyDown={undefined}
          onKeyUp={undefined}
          placeholder="Hello World"
          readOnly={undefined}
          required={undefined}
          rows={undefined}
          type="text"
          value={undefined}
        />
      </div>
    </div>
  </div>,
  <div>
    <div
      aria-describedby="input-with-value-text"
      className="tdd-MuiFormControl-root"
      onBlur={[Function]}
      onFocus={[Function]}
    >
      <label
        className="tdd-MuiFormLabel-root tdd-Textbox--root tdd-MuiInputLabel-root tdd-WithStyles(InputLabel)-root tdd-MuiInputLabel-formControl tdd-MuiInputLabel-animated tdd-MuiInputLabel-shrink"
        data-shrink={true}
        htmlFor="input-with-value"
      >
        Default
      </label>
      <div
        className="tdd-MuiInput-root tdd-WithStyles(Input)-root tdd-MuiInput-formControl tdd-MuiInput-underline tdd-WithStyles(Input)-underline"
      >
        <input
          aria-invalid={false}
          aria-required={false}
          autoComplete={undefined}
          autoFocus={undefined}
          className="tdd-MuiInput-input"
          defaultValue={undefined}
          disabled={false}
          id="input-with-value"
          name={undefined}
          onBlur={[Function]}
          onChange={[Function]}
          onFocus={[Function]}
          onKeyDown={undefined}
          onKeyUp={undefined}
          placeholder="Enter some text"
          readOnly={undefined}
          required={undefined}
          rows={undefined}
          type="text"
          value="Hello World"
        />
      </div>
    </div>
  </div>,
  <div>
    <div
      aria-describedby="input-with-default-value-text"
      className="tdd-MuiFormControl-root"
      onBlur={[Function]}
      onFocus={[Function]}
    >
      <label
        className="tdd-MuiFormLabel-root tdd-Textbox--root tdd-MuiInputLabel-root tdd-WithStyles(InputLabel)-root tdd-MuiInputLabel-formControl tdd-MuiInputLabel-animated"
        data-shrink={false}
        htmlFor="input-with-default-value"
      >
        Default
      </label>
      <div
        className="tdd-MuiInput-root tdd-WithStyles(Input)-root tdd-MuiInput-formControl tdd-MuiInput-underline tdd-WithStyles(Input)-underline"
      >
        <input
          aria-invalid={false}
          aria-required={false}
          autoComplete={undefined}
          autoFocus={undefined}
          className="tdd-MuiInput-input"
          defaultValue="Default Message"
          disabled={false}
          id="input-with-default-value"
          name={undefined}
          onBlur={[Function]}
          onChange={[Function]}
          onFocus={[Function]}
          onKeyDown={undefined}
          onKeyUp={undefined}
          placeholder="Enter some text"
          readOnly={undefined}
          required={undefined}
          rows={undefined}
          type="text"
          value={undefined}
        />
      </div>
    </div>
  </div>,
  <div>
    <div
      aria-describedby="input-disabled-text"
      className="tdd-MuiFormControl-root"
      onBlur={[Function]}
      onFocus={[Function]}
    >
      <label
        className="tdd-MuiFormLabel-root tdd-Textbox--root tdd-MuiFormLabel-disabled tdd-MuiInputLabel-root tdd-WithStyles(InputLabel)-root tdd-MuiInputLabel-formControl tdd-MuiInputLabel-animated"
        data-shrink={false}
        htmlFor="input-disabled"
      >
        Disabled
      </label>
      <div
        className="tdd-MuiInput-root tdd-WithStyles(Input)-root tdd-MuiInput-disabled tdd-MuiInput-formControl tdd-MuiInput-underline tdd-WithStyles(Input)-underline"
      >
        <input
          aria-invalid={false}
          aria-required={false}
          autoComplete={undefined}
          autoFocus={undefined}
          className="tdd-MuiInput-input tdd-MuiInput-disabled"
          defaultValue={undefined}
          disabled={true}
          id="input-disabled"
          name={undefined}
          onBlur={[Function]}
          onChange={[Function]}
          onFocus={[Function]}
          onKeyDown={undefined}
          onKeyUp={undefined}
          placeholder="Disabled Input"
          readOnly={undefined}
          required={undefined}
          rows={undefined}
          type="text"
          value={undefined}
        />
      </div>
    </div>
  </div>,
  <div>
    <div
      aria-describedby="input-error-text"
      className="tdd-MuiFormControl-root"
      onBlur={[Function]}
      onFocus={[Function]}
    >
      <label
        className="tdd-MuiFormLabel-root tdd-Textbox--root tdd-MuiFormLabel-error tdd-Textbox--error tdd-MuiInputLabel-root tdd-WithStyles(InputLabel)-root tdd-MuiInputLabel-formControl tdd-MuiInputLabel-animated"
        data-shrink={false}
        htmlFor="input-error"
      >
        Error
      </label>
      <div
        className="tdd-MuiInput-root tdd-WithStyles(Input)-root tdd-MuiInput-error tdd-MuiInput-formControl tdd-MuiInput-underline tdd-WithStyles(Input)-underline"
      >
        <input
          aria-invalid={true}
          aria-required={false}
          autoComplete={undefined}
          autoFocus={undefined}
          className="tdd-MuiInput-input"
          defaultValue={undefined}
          disabled={false}
          id="input-error"
          name={undefined}
          onBlur={[Function]}
          onChange={[Function]}
          onFocus={[Function]}
          onKeyDown={undefined}
          onKeyUp={undefined}
          placeholder="Hello World"
          readOnly={undefined}
          required={undefined}
          rows={undefined}
          type="text"
          value={undefined}
        />
      </div>
      <p
        className="tdd-MuiFormHelperText-root tdd-WithStyles(FormHelperText)-root tdd-MuiFormHelperText-error"
        id="input-error-text"
      >
        This field is required
      </p>
    </div>
  </div>,
  <div>
    <div
      aria-describedby="input-full-width-text"
      className="tdd-MuiFormControl-root tdd-MuiFormControl-fullWidth"
      onBlur={[Function]}
      onFocus={[Function]}
    >
      <label
        className="tdd-MuiFormLabel-root tdd-Textbox--root tdd-MuiInputLabel-root tdd-WithStyles(InputLabel)-root tdd-MuiInputLabel-formControl tdd-MuiInputLabel-animated"
        data-shrink={false}
        htmlFor="input-full-width"
      >
        Full Width
      </label>
      <div
        className="tdd-MuiInput-root tdd-WithStyles(Input)-root tdd-MuiInput-fullWidth tdd-MuiInput-formControl tdd-MuiInput-underline tdd-WithStyles(Input)-underline"
      >
        <input
          aria-invalid={false}
          aria-required={false}
          autoComplete={undefined}
          autoFocus={undefined}
          className="tdd-MuiInput-input"
          defaultValue={undefined}
          disabled={false}
          id="input-full-width"
          name={undefined}
          onBlur={[Function]}
          onChange={[Function]}
          onFocus={[Function]}
          onKeyDown={undefined}
          onKeyUp={undefined}
          placeholder="Full width textbox"
          readOnly={undefined}
          required={undefined}
          rows={undefined}
          type="text"
          value={undefined}
        />
      </div>
      <p
        className="tdd-MuiFormHelperText-root tdd-WithStyles(FormHelperText)-root"
        id="input-full-width-text"
      >
        This is a full width textbox
      </p>
    </div>
  </div>,
  <div>
    <div
      aria-describedby="input-required-text"
      className="tdd-MuiFormControl-root"
      onBlur={[Function]}
      onFocus={[Function]}
    >
      <label
        className="tdd-MuiFormLabel-root tdd-Textbox--root tdd-MuiInputLabel-root tdd-WithStyles(InputLabel)-root tdd-MuiInputLabel-formControl tdd-MuiInputLabel-animated"
        data-shrink={false}
        htmlFor="input-required"
      >
        Required
        <span
          className="tdd-MuiFormLabel-asterisk"
        >
           *
        </span>
      </label>
      <div
        className="tdd-MuiInput-root tdd-WithStyles(Input)-root tdd-MuiInput-formControl tdd-MuiInput-underline tdd-WithStyles(Input)-underline"
      >
        <input
          aria-invalid={false}
          aria-required={true}
          autoComplete={undefined}
          autoFocus={undefined}
          className="tdd-MuiInput-input"
          defaultValue={undefined}
          disabled={false}
          id="input-required"
          name={undefined}
          onBlur={[Function]}
          onChange={[Function]}
          onFocus={[Function]}
          onKeyDown={undefined}
          onKeyUp={undefined}
          placeholder="Hello World"
          readOnly={undefined}
          required={true}
          rows={undefined}
          type="text"
          value={undefined}
        />
      </div>
    </div>
  </div>,
  <div>
    <div
      aria-describedby="input-helper-text-text"
      className="tdd-MuiFormControl-root"
      onBlur={[Function]}
      onFocus={[Function]}
    >
      <label
        className="tdd-MuiFormLabel-root tdd-Textbox--root tdd-MuiInputLabel-root tdd-WithStyles(InputLabel)-root tdd-MuiInputLabel-formControl tdd-MuiInputLabel-animated"
        data-shrink={false}
        htmlFor="input-helper-text"
      >
        Textbox label
      </label>
      <div
        className="tdd-MuiInput-root tdd-WithStyles(Input)-root tdd-MuiInput-formControl tdd-MuiInput-underline tdd-WithStyles(Input)-underline"
      >
        <input
          aria-invalid={false}
          aria-required={false}
          autoComplete={undefined}
          autoFocus={undefined}
          className="tdd-MuiInput-input"
          defaultValue={undefined}
          disabled={false}
          id="input-helper-text"
          name={undefined}
          onBlur={[Function]}
          onChange={[Function]}
          onFocus={[Function]}
          onKeyDown={undefined}
          onKeyUp={undefined}
          placeholder="Hello World"
          readOnly={undefined}
          required={undefined}
          rows={undefined}
          type="text"
          value={undefined}
        />
      </div>
      <p
        className="tdd-MuiFormHelperText-root tdd-WithStyles(FormHelperText)-root"
        id="input-helper-text-text"
      >
        This is a help text for the input
      </p>
    </div>
  </div>,
  <div>
    <div
      aria-describedby="input-email-text"
      className="tdd-MuiFormControl-root"
      onBlur={[Function]}
      onFocus={[Function]}
    >
      <label
        className="tdd-MuiFormLabel-root tdd-Textbox--root tdd-MuiInputLabel-root tdd-WithStyles(InputLabel)-root tdd-MuiInputLabel-formControl tdd-MuiInputLabel-animated"
        data-shrink={false}
        htmlFor="input-email"
      >
        Email Address
      </label>
      <div
        className="tdd-MuiInput-root tdd-WithStyles(Input)-root tdd-MuiInput-formControl tdd-MuiInput-underline tdd-WithStyles(Input)-underline"
      >
        <input
          aria-invalid={false}
          aria-required={false}
          autoComplete={undefined}
          autoFocus={undefined}
          className="tdd-MuiInput-input tdd-MuiInput-inputType"
          defaultValue={undefined}
          disabled={false}
          id="input-email"
          name={undefined}
          onBlur={[Function]}
          onChange={[Function]}
          onFocus={[Function]}
          onKeyDown={undefined}
          onKeyUp={undefined}
          placeholder="Enter your email"
          readOnly={undefined}
          required={undefined}
          rows={undefined}
          type="email"
          value={undefined}
        />
      </div>
      <p
        className="tdd-MuiFormHelperText-root tdd-WithStyles(FormHelperText)-root"
        id="input-email-text"
      >
        Enter your email address
      </p>
    </div>
  </div>,
  <div>
    <div
      aria-describedby="input-password-text"
      className="tdd-MuiFormControl-root"
      onBlur={[Function]}
      onFocus={[Function]}
    >
      <label
        className="tdd-MuiFormLabel-root tdd-Textbox--root tdd-MuiInputLabel-root tdd-WithStyles(InputLabel)-root tdd-MuiInputLabel-formControl tdd-MuiInputLabel-animated"
        data-shrink={false}
        htmlFor="input-password"
      >
        Password
      </label>
      <div
        className="tdd-MuiInput-root tdd-WithStyles(Input)-root tdd-MuiInput-formControl tdd-MuiInput-underline tdd-WithStyles(Input)-underline"
      >
        <input
          aria-invalid={false}
          aria-required={false}
          autoComplete={undefined}
          autoFocus={undefined}
          className="tdd-MuiInput-input tdd-MuiInput-inputType"
          defaultValue={undefined}
          disabled={false}
          id="input-password"
          name={undefined}
          onBlur={[Function]}
          onChange={[Function]}
          onFocus={[Function]}
          onKeyDown={undefined}
          onKeyUp={undefined}
          placeholder="Password"
          readOnly={undefined}
          required={undefined}
          rows={undefined}
          type="password"
          value={undefined}
        />
      </div>
      <p
        className="tdd-MuiFormHelperText-root tdd-WithStyles(FormHelperText)-root"
        id="input-password-text"
      >
        Enter your password
      </p>
    </div>
  </div>,
  <div>
    <div
      aria-describedby="input-description-text"
      className="tdd-MuiFormControl-root"
      onBlur={[Function]}
      onFocus={[Function]}
    >
      <label
        className="tdd-MuiFormLabel-root tdd-Textbox--root tdd-MuiInputLabel-root tdd-WithStyles(InputLabel)-root tdd-MuiInputLabel-formControl tdd-MuiInputLabel-animated"
        data-shrink={false}
        htmlFor="input-description"
      >
        Long Text
      </label>
      <div
        className="tdd-MuiInput-root tdd-WithStyles(Input)-root tdd-MuiInput-formControl tdd-MuiInput-multiline tdd-MuiInput-underline tdd-WithStyles(Input)-underline"
      >
        <textarea
          aria-invalid={false}
          aria-required={false}
          autoComplete={undefined}
          autoFocus={undefined}
          className="tdd-MuiInput-input tdd-MuiInput-inputMultiline"
          defaultValue={undefined}
          disabled={false}
          id="input-description"
          name={undefined}
          onBlur={[Function]}
          onChange={[Function]}
          onFocus={[Function]}
          onKeyDown={undefined}
          onKeyUp={undefined}
          placeholder="Enter some long text"
          readOnly={undefined}
          required={undefined}
          rows={2}
          type="text"
          value={undefined}
        />
      </div>
      <p
        className="tdd-MuiFormHelperText-root tdd-WithStyles(FormHelperText)-root"
        id="input-description-text"
      >
        This is a help text for the multiline input
      </p>
    </div>
  </div>,
  <div>
    <div
      aria-describedby="input-adornment-text"
      className="tdd-MuiFormControl-root"
      onBlur={[Function]}
      onFocus={[Function]}
    >
      <label
        className="tdd-MuiFormLabel-root tdd-Textbox--root tdd-MuiInputLabel-root tdd-WithStyles(InputLabel)-root tdd-MuiInputLabel-formControl tdd-MuiInputLabel-animated"
        data-shrink={false}
        htmlFor="input-adornment"
      >
        With Adornment
      </label>
      <div
        className="tdd-MuiInput-root tdd-WithStyles(Input)-root tdd-MuiInput-formControl tdd-MuiInput-underline tdd-WithStyles(Input)-underline"
      >
        <input
          aria-invalid={false}
          aria-required={false}
          autoComplete={undefined}
          autoFocus={undefined}
          className="tdd-MuiInput-input"
          defaultValue={undefined}
          disabled={false}
          id="input-adornment"
          name={undefined}
          onBlur={[Function]}
          onChange={[Function]}
          onFocus={[Function]}
          onKeyDown={undefined}
          onKeyUp={undefined}
          placeholder={undefined}
          readOnly={undefined}
          required={undefined}
          rows={undefined}
          type="text"
          value={undefined}
        />
        <div
          className="tdd-MuiInputAdornment-root tdd-MuiInputAdornment-positionEnd"
        >
          <p
            className="tdd-MuiTypography-root tdd-MuiTypography-body1 tdd-MuiTypography-colorTextSecondary"
          >
            %
          </p>
        </div>
      </div>
    </div>
  </div>,
]
`;

exports[`Textbox renders examples: md 1`] = `
Array [
  <div>
    <div
      aria-describedby="input-default-text"
      className="tdd-MuiFormControl-root"
      onBlur={[Function]}
      onFocus={[Function]}
    >
      <label
        className="tdd-MuiFormLabel-root tdd-Textbox--root tdd-MuiInputLabel-root tdd-WithStyles(InputLabel)-root tdd-MuiInputLabel-formControl tdd-MuiInputLabel-animated"
        data-shrink={false}
        htmlFor="input-default"
      >
        Default
      </label>
      <div
        className="tdd-MuiInput-root tdd-WithStyles(Input)-root tdd-MuiInput-formControl tdd-MuiInput-underline tdd-WithStyles(Input)-underline"
      >
        <input
          aria-invalid={false}
          aria-required={false}
          autoComplete={undefined}
          autoFocus={undefined}
          className="tdd-MuiInput-input"
          defaultValue={undefined}
          disabled={false}
          id="input-default"
          name={undefined}
          onBlur={[Function]}
          onChange={[Function]}
          onFocus={[Function]}
          onKeyDown={undefined}
          onKeyUp={undefined}
          placeholder="Hello World"
          readOnly={undefined}
          required={undefined}
          rows={undefined}
          type="text"
          value={undefined}
        />
      </div>
    </div>
  </div>,
  <div>
    <div
      aria-describedby="input-with-value-text"
      className="tdd-MuiFormControl-root"
      onBlur={[Function]}
      onFocus={[Function]}
    >
      <label
        className="tdd-MuiFormLabel-root tdd-Textbox--root tdd-MuiInputLabel-root tdd-WithStyles(InputLabel)-root tdd-MuiInputLabel-formControl tdd-MuiInputLabel-animated tdd-MuiInputLabel-shrink"
        data-shrink={true}
        htmlFor="input-with-value"
      >
        Default
      </label>
      <div
        className="tdd-MuiInput-root tdd-WithStyles(Input)-root tdd-MuiInput-formControl tdd-MuiInput-underline tdd-WithStyles(Input)-underline"
      >
        <input
          aria-invalid={false}
          aria-required={false}
          autoComplete={undefined}
          autoFocus={undefined}
          className="tdd-MuiInput-input"
          defaultValue={undefined}
          disabled={false}
          id="input-with-value"
          name={undefined}
          onBlur={[Function]}
          onChange={[Function]}
          onFocus={[Function]}
          onKeyDown={undefined}
          onKeyUp={undefined}
          placeholder="Enter some text"
          readOnly={undefined}
          required={undefined}
          rows={undefined}
          type="text"
          value="Hello World"
        />
      </div>
    </div>
  </div>,
  <div>
    <div
      aria-describedby="input-with-default-value-text"
      className="tdd-MuiFormControl-root"
      onBlur={[Function]}
      onFocus={[Function]}
    >
      <label
        className="tdd-MuiFormLabel-root tdd-Textbox--root tdd-MuiInputLabel-root tdd-WithStyles(InputLabel)-root tdd-MuiInputLabel-formControl tdd-MuiInputLabel-animated"
        data-shrink={false}
        htmlFor="input-with-default-value"
      >
        Default
      </label>
      <div
        className="tdd-MuiInput-root tdd-WithStyles(Input)-root tdd-MuiInput-formControl tdd-MuiInput-underline tdd-WithStyles(Input)-underline"
      >
        <input
          aria-invalid={false}
          aria-required={false}
          autoComplete={undefined}
          autoFocus={undefined}
          className="tdd-MuiInput-input"
          defaultValue="Default Message"
          disabled={false}
          id="input-with-default-value"
          name={undefined}
          onBlur={[Function]}
          onChange={[Function]}
          onFocus={[Function]}
          onKeyDown={undefined}
          onKeyUp={undefined}
          placeholder="Enter some text"
          readOnly={undefined}
          required={undefined}
          rows={undefined}
          type="text"
          value={undefined}
        />
      </div>
    </div>
  </div>,
  <div>
    <div
      aria-describedby="input-disabled-text"
      className="tdd-MuiFormControl-root"
      onBlur={[Function]}
      onFocus={[Function]}
    >
      <label
        className="tdd-MuiFormLabel-root tdd-Textbox--root tdd-MuiFormLabel-disabled tdd-MuiInputLabel-root tdd-WithStyles(InputLabel)-root tdd-MuiInputLabel-formControl tdd-MuiInputLabel-animated"
        data-shrink={false}
        htmlFor="input-disabled"
      >
        Disabled
      </label>
      <div
        className="tdd-MuiInput-root tdd-WithStyles(Input)-root tdd-MuiInput-disabled tdd-MuiInput-formControl tdd-MuiInput-underline tdd-WithStyles(Input)-underline"
      >
        <input
          aria-invalid={false}
          aria-required={false}
          autoComplete={undefined}
          autoFocus={undefined}
          className="tdd-MuiInput-input tdd-MuiInput-disabled"
          defaultValue={undefined}
          disabled={true}
          id="input-disabled"
          name={undefined}
          onBlur={[Function]}
          onChange={[Function]}
          onFocus={[Function]}
          onKeyDown={undefined}
          onKeyUp={undefined}
          placeholder="Disabled Input"
          readOnly={undefined}
          required={undefined}
          rows={undefined}
          type="text"
          value={undefined}
        />
      </div>
    </div>
  </div>,
  <div>
    <div
      aria-describedby="input-error-text"
      className="tdd-MuiFormControl-root"
      onBlur={[Function]}
      onFocus={[Function]}
    >
      <label
        className="tdd-MuiFormLabel-root tdd-Textbox--root tdd-MuiFormLabel-error tdd-Textbox--error tdd-MuiInputLabel-root tdd-WithStyles(InputLabel)-root tdd-MuiInputLabel-formControl tdd-MuiInputLabel-animated"
        data-shrink={false}
        htmlFor="input-error"
      >
        Error
      </label>
      <div
        className="tdd-MuiInput-root tdd-WithStyles(Input)-root tdd-MuiInput-error tdd-MuiInput-formControl tdd-MuiInput-underline tdd-WithStyles(Input)-underline"
      >
        <input
          aria-invalid={true}
          aria-required={false}
          autoComplete={undefined}
          autoFocus={undefined}
          className="tdd-MuiInput-input"
          defaultValue={undefined}
          disabled={false}
          id="input-error"
          name={undefined}
          onBlur={[Function]}
          onChange={[Function]}
          onFocus={[Function]}
          onKeyDown={undefined}
          onKeyUp={undefined}
          placeholder="Hello World"
          readOnly={undefined}
          required={undefined}
          rows={undefined}
          type="text"
          value={undefined}
        />
      </div>
      <p
        className="tdd-MuiFormHelperText-root tdd-WithStyles(FormHelperText)-root tdd-MuiFormHelperText-error"
        id="input-error-text"
      >
        This field is required
      </p>
    </div>
  </div>,
  <div>
    <div
      aria-describedby="input-full-width-text"
      className="tdd-MuiFormControl-root tdd-MuiFormControl-fullWidth"
      onBlur={[Function]}
      onFocus={[Function]}
    >
      <label
        className="tdd-MuiFormLabel-root tdd-Textbox--root tdd-MuiInputLabel-root tdd-WithStyles(InputLabel)-root tdd-MuiInputLabel-formControl tdd-MuiInputLabel-animated"
        data-shrink={false}
        htmlFor="input-full-width"
      >
        Full Width
      </label>
      <div
        className="tdd-MuiInput-root tdd-WithStyles(Input)-root tdd-MuiInput-fullWidth tdd-MuiInput-formControl tdd-MuiInput-underline tdd-WithStyles(Input)-underline"
      >
        <input
          aria-invalid={false}
          aria-required={false}
          autoComplete={undefined}
          autoFocus={undefined}
          className="tdd-MuiInput-input"
          defaultValue={undefined}
          disabled={false}
          id="input-full-width"
          name={undefined}
          onBlur={[Function]}
          onChange={[Function]}
          onFocus={[Function]}
          onKeyDown={undefined}
          onKeyUp={undefined}
          placeholder="Full width textbox"
          readOnly={undefined}
          required={undefined}
          rows={undefined}
          type="text"
          value={undefined}
        />
      </div>
      <p
        className="tdd-MuiFormHelperText-root tdd-WithStyles(FormHelperText)-root"
        id="input-full-width-text"
      >
        This is a full width textbox
      </p>
    </div>
  </div>,
  <div>
    <div
      aria-describedby="input-required-text"
      className="tdd-MuiFormControl-root"
      onBlur={[Function]}
      onFocus={[Function]}
    >
      <label
        className="tdd-MuiFormLabel-root tdd-Textbox--root tdd-MuiInputLabel-root tdd-WithStyles(InputLabel)-root tdd-MuiInputLabel-formControl tdd-MuiInputLabel-animated"
        data-shrink={false}
        htmlFor="input-required"
      >
        Required
        <span
          className="tdd-MuiFormLabel-asterisk"
        >
           *
        </span>
      </label>
      <div
        className="tdd-MuiInput-root tdd-WithStyles(Input)-root tdd-MuiInput-formControl tdd-MuiInput-underline tdd-WithStyles(Input)-underline"
      >
        <input
          aria-invalid={false}
          aria-required={true}
          autoComplete={undefined}
          autoFocus={undefined}
          className="tdd-MuiInput-input"
          defaultValue={undefined}
          disabled={false}
          id="input-required"
          name={undefined}
          onBlur={[Function]}
          onChange={[Function]}
          onFocus={[Function]}
          onKeyDown={undefined}
          onKeyUp={undefined}
          placeholder="Hello World"
          readOnly={undefined}
          required={true}
          rows={undefined}
          type="text"
          value={undefined}
        />
      </div>
    </div>
  </div>,
  <div>
    <div
      aria-describedby="input-helper-text-text"
      className="tdd-MuiFormControl-root"
      onBlur={[Function]}
      onFocus={[Function]}
    >
      <label
        className="tdd-MuiFormLabel-root tdd-Textbox--root tdd-MuiInputLabel-root tdd-WithStyles(InputLabel)-root tdd-MuiInputLabel-formControl tdd-MuiInputLabel-animated"
        data-shrink={false}
        htmlFor="input-helper-text"
      >
        Textbox label
      </label>
      <div
        className="tdd-MuiInput-root tdd-WithStyles(Input)-root tdd-MuiInput-formControl tdd-MuiInput-underline tdd-WithStyles(Input)-underline"
      >
        <input
          aria-invalid={false}
          aria-required={false}
          autoComplete={undefined}
          autoFocus={undefined}
          className="tdd-MuiInput-input"
          defaultValue={undefined}
          disabled={false}
          id="input-helper-text"
          name={undefined}
          onBlur={[Function]}
          onChange={[Function]}
          onFocus={[Function]}
          onKeyDown={undefined}
          onKeyUp={undefined}
          placeholder="Hello World"
          readOnly={undefined}
          required={undefined}
          rows={undefined}
          type="text"
          value={undefined}
        />
      </div>
      <p
        className="tdd-MuiFormHelperText-root tdd-WithStyles(FormHelperText)-root"
        id="input-helper-text-text"
      >
        This is a help text for the input
      </p>
    </div>
  </div>,
  <div>
    <div
      aria-describedby="input-email-text"
      className="tdd-MuiFormControl-root"
      onBlur={[Function]}
      onFocus={[Function]}
    >
      <label
        className="tdd-MuiFormLabel-root tdd-Textbox--root tdd-MuiInputLabel-root tdd-WithStyles(InputLabel)-root tdd-MuiInputLabel-formControl tdd-MuiInputLabel-animated"
        data-shrink={false}
        htmlFor="input-email"
      >
        Email Address
      </label>
      <div
        className="tdd-MuiInput-root tdd-WithStyles(Input)-root tdd-MuiInput-formControl tdd-MuiInput-underline tdd-WithStyles(Input)-underline"
      >
        <input
          aria-invalid={false}
          aria-required={false}
          autoComplete={undefined}
          autoFocus={undefined}
          className="tdd-MuiInput-input tdd-MuiInput-inputType"
          defaultValue={undefined}
          disabled={false}
          id="input-email"
          name={undefined}
          onBlur={[Function]}
          onChange={[Function]}
          onFocus={[Function]}
          onKeyDown={undefined}
          onKeyUp={undefined}
          placeholder="Enter your email"
          readOnly={undefined}
          required={undefined}
          rows={undefined}
          type="email"
          value={undefined}
        />
      </div>
      <p
        className="tdd-MuiFormHelperText-root tdd-WithStyles(FormHelperText)-root"
        id="input-email-text"
      >
        Enter your email address
      </p>
    </div>
  </div>,
  <div>
    <div
      aria-describedby="input-password-text"
      className="tdd-MuiFormControl-root"
      onBlur={[Function]}
      onFocus={[Function]}
    >
      <label
        className="tdd-MuiFormLabel-root tdd-Textbox--root tdd-MuiInputLabel-root tdd-WithStyles(InputLabel)-root tdd-MuiInputLabel-formControl tdd-MuiInputLabel-animated"
        data-shrink={false}
        htmlFor="input-password"
      >
        Password
      </label>
      <div
        className="tdd-MuiInput-root tdd-WithStyles(Input)-root tdd-MuiInput-formControl tdd-MuiInput-underline tdd-WithStyles(Input)-underline"
      >
        <input
          aria-invalid={false}
          aria-required={false}
          autoComplete={undefined}
          autoFocus={undefined}
          className="tdd-MuiInput-input tdd-MuiInput-inputType"
          defaultValue={undefined}
          disabled={false}
          id="input-password"
          name={undefined}
          onBlur={[Function]}
          onChange={[Function]}
          onFocus={[Function]}
          onKeyDown={undefined}
          onKeyUp={undefined}
          placeholder="Password"
          readOnly={undefined}
          required={undefined}
          rows={undefined}
          type="password"
          value={undefined}
        />
      </div>
      <p
        className="tdd-MuiFormHelperText-root tdd-WithStyles(FormHelperText)-root"
        id="input-password-text"
      >
        Enter your password
      </p>
    </div>
  </div>,
  <div>
    <div
      aria-describedby="input-description-text"
      className="tdd-MuiFormControl-root"
      onBlur={[Function]}
      onFocus={[Function]}
    >
      <label
        className="tdd-MuiFormLabel-root tdd-Textbox--root tdd-MuiInputLabel-root tdd-WithStyles(InputLabel)-root tdd-MuiInputLabel-formControl tdd-MuiInputLabel-animated"
        data-shrink={false}
        htmlFor="input-description"
      >
        Long Text
      </label>
      <div
        className="tdd-MuiInput-root tdd-WithStyles(Input)-root tdd-MuiInput-formControl tdd-MuiInput-multiline tdd-MuiInput-underline tdd-WithStyles(Input)-underline"
      >
        <textarea
          aria-invalid={false}
          aria-required={false}
          autoComplete={undefined}
          autoFocus={undefined}
          className="tdd-MuiInput-input tdd-MuiInput-inputMultiline"
          defaultValue={undefined}
          disabled={false}
          id="input-description"
          name={undefined}
          onBlur={[Function]}
          onChange={[Function]}
          onFocus={[Function]}
          onKeyDown={undefined}
          onKeyUp={undefined}
          placeholder="Enter some long text"
          readOnly={undefined}
          required={undefined}
          rows={2}
          type="text"
          value={undefined}
        />
      </div>
      <p
        className="tdd-MuiFormHelperText-root tdd-WithStyles(FormHelperText)-root"
        id="input-description-text"
      >
        This is a help text for the multiline input
      </p>
    </div>
  </div>,
  <div>
    <div
      aria-describedby="input-adornment-text"
      className="tdd-MuiFormControl-root"
      onBlur={[Function]}
      onFocus={[Function]}
    >
      <label
        className="tdd-MuiFormLabel-root tdd-Textbox--root tdd-MuiInputLabel-root tdd-WithStyles(InputLabel)-root tdd-MuiInputLabel-formControl tdd-MuiInputLabel-animated"
        data-shrink={false}
        htmlFor="input-adornment"
      >
        With Adornment
      </label>
      <div
        className="tdd-MuiInput-root tdd-WithStyles(Input)-root tdd-MuiInput-formControl tdd-MuiInput-underline tdd-WithStyles(Input)-underline"
      >
        <input
          aria-invalid={false}
          aria-required={false}
          autoComplete={undefined}
          autoFocus={undefined}
          className="tdd-MuiInput-input"
          defaultValue={undefined}
          disabled={false}
          id="input-adornment"
          name={undefined}
          onBlur={[Function]}
          onChange={[Function]}
          onFocus={[Function]}
          onKeyDown={undefined}
          onKeyUp={undefined}
          placeholder={undefined}
          readOnly={undefined}
          required={undefined}
          rows={undefined}
          type="text"
          value={undefined}
        />
        <div
          className="tdd-MuiInputAdornment-root tdd-MuiInputAdornment-positionEnd"
        >
          <p
            className="tdd-MuiTypography-root tdd-MuiTypography-body1 tdd-MuiTypography-colorTextSecondary"
          >
            %
          </p>
        </div>
      </div>
    </div>
  </div>,
]
`;

exports[`Textbox renders examples: sm 1`] = `
Array [
  <div>
    <div
      aria-describedby="input-default-text"
      className="tdd-MuiFormControl-root"
      onBlur={[Function]}
      onFocus={[Function]}
    >
      <label
        className="tdd-MuiFormLabel-root tdd-Textbox--root tdd-MuiInputLabel-root tdd-WithStyles(InputLabel)-root tdd-MuiInputLabel-formControl tdd-MuiInputLabel-animated"
        data-shrink={false}
        htmlFor="input-default"
      >
        Default
      </label>
      <div
        className="tdd-MuiInput-root tdd-WithStyles(Input)-root tdd-MuiInput-formControl tdd-MuiInput-underline tdd-WithStyles(Input)-underline"
      >
        <input
          aria-invalid={false}
          aria-required={false}
          autoComplete={undefined}
          autoFocus={undefined}
          className="tdd-MuiInput-input"
          defaultValue={undefined}
          disabled={false}
          id="input-default"
          name={undefined}
          onBlur={[Function]}
          onChange={[Function]}
          onFocus={[Function]}
          onKeyDown={undefined}
          onKeyUp={undefined}
          placeholder="Hello World"
          readOnly={undefined}
          required={undefined}
          rows={undefined}
          type="text"
          value={undefined}
        />
      </div>
    </div>
  </div>,
  <div>
    <div
      aria-describedby="input-with-value-text"
      className="tdd-MuiFormControl-root"
      onBlur={[Function]}
      onFocus={[Function]}
    >
      <label
        className="tdd-MuiFormLabel-root tdd-Textbox--root tdd-MuiInputLabel-root tdd-WithStyles(InputLabel)-root tdd-MuiInputLabel-formControl tdd-MuiInputLabel-animated tdd-MuiInputLabel-shrink"
        data-shrink={true}
        htmlFor="input-with-value"
      >
        Default
      </label>
      <div
        className="tdd-MuiInput-root tdd-WithStyles(Input)-root tdd-MuiInput-formControl tdd-MuiInput-underline tdd-WithStyles(Input)-underline"
      >
        <input
          aria-invalid={false}
          aria-required={false}
          autoComplete={undefined}
          autoFocus={undefined}
          className="tdd-MuiInput-input"
          defaultValue={undefined}
          disabled={false}
          id="input-with-value"
          name={undefined}
          onBlur={[Function]}
          onChange={[Function]}
          onFocus={[Function]}
          onKeyDown={undefined}
          onKeyUp={undefined}
          placeholder="Enter some text"
          readOnly={undefined}
          required={undefined}
          rows={undefined}
          type="text"
          value="Hello World"
        />
      </div>
    </div>
  </div>,
  <div>
    <div
      aria-describedby="input-with-default-value-text"
      className="tdd-MuiFormControl-root"
      onBlur={[Function]}
      onFocus={[Function]}
    >
      <label
        className="tdd-MuiFormLabel-root tdd-Textbox--root tdd-MuiInputLabel-root tdd-WithStyles(InputLabel)-root tdd-MuiInputLabel-formControl tdd-MuiInputLabel-animated"
        data-shrink={false}
        htmlFor="input-with-default-value"
      >
        Default
      </label>
      <div
        className="tdd-MuiInput-root tdd-WithStyles(Input)-root tdd-MuiInput-formControl tdd-MuiInput-underline tdd-WithStyles(Input)-underline"
      >
        <input
          aria-invalid={false}
          aria-required={false}
          autoComplete={undefined}
          autoFocus={undefined}
          className="tdd-MuiInput-input"
          defaultValue="Default Message"
          disabled={false}
          id="input-with-default-value"
          name={undefined}
          onBlur={[Function]}
          onChange={[Function]}
          onFocus={[Function]}
          onKeyDown={undefined}
          onKeyUp={undefined}
          placeholder="Enter some text"
          readOnly={undefined}
          required={undefined}
          rows={undefined}
          type="text"
          value={undefined}
        />
      </div>
    </div>
  </div>,
  <div>
    <div
      aria-describedby="input-disabled-text"
      className="tdd-MuiFormControl-root"
      onBlur={[Function]}
      onFocus={[Function]}
    >
      <label
        className="tdd-MuiFormLabel-root tdd-Textbox--root tdd-MuiFormLabel-disabled tdd-MuiInputLabel-root tdd-WithStyles(InputLabel)-root tdd-MuiInputLabel-formControl tdd-MuiInputLabel-animated"
        data-shrink={false}
        htmlFor="input-disabled"
      >
        Disabled
      </label>
      <div
        className="tdd-MuiInput-root tdd-WithStyles(Input)-root tdd-MuiInput-disabled tdd-MuiInput-formControl tdd-MuiInput-underline tdd-WithStyles(Input)-underline"
      >
        <input
          aria-invalid={false}
          aria-required={false}
          autoComplete={undefined}
          autoFocus={undefined}
          className="tdd-MuiInput-input tdd-MuiInput-disabled"
          defaultValue={undefined}
          disabled={true}
          id="input-disabled"
          name={undefined}
          onBlur={[Function]}
          onChange={[Function]}
          onFocus={[Function]}
          onKeyDown={undefined}
          onKeyUp={undefined}
          placeholder="Disabled Input"
          readOnly={undefined}
          required={undefined}
          rows={undefined}
          type="text"
          value={undefined}
        />
      </div>
    </div>
  </div>,
  <div>
    <div
      aria-describedby="input-error-text"
      className="tdd-MuiFormControl-root"
      onBlur={[Function]}
      onFocus={[Function]}
    >
      <label
        className="tdd-MuiFormLabel-root tdd-Textbox--root tdd-MuiFormLabel-error tdd-Textbox--error tdd-MuiInputLabel-root tdd-WithStyles(InputLabel)-root tdd-MuiInputLabel-formControl tdd-MuiInputLabel-animated"
        data-shrink={false}
        htmlFor="input-error"
      >
        Error
      </label>
      <div
        className="tdd-MuiInput-root tdd-WithStyles(Input)-root tdd-MuiInput-error tdd-MuiInput-formControl tdd-MuiInput-underline tdd-WithStyles(Input)-underline"
      >
        <input
          aria-invalid={true}
          aria-required={false}
          autoComplete={undefined}
          autoFocus={undefined}
          className="tdd-MuiInput-input"
          defaultValue={undefined}
          disabled={false}
          id="input-error"
          name={undefined}
          onBlur={[Function]}
          onChange={[Function]}
          onFocus={[Function]}
          onKeyDown={undefined}
          onKeyUp={undefined}
          placeholder="Hello World"
          readOnly={undefined}
          required={undefined}
          rows={undefined}
          type="text"
          value={undefined}
        />
      </div>
      <p
        className="tdd-MuiFormHelperText-root tdd-WithStyles(FormHelperText)-root tdd-MuiFormHelperText-error"
        id="input-error-text"
      >
        This field is required
      </p>
    </div>
  </div>,
  <div>
    <div
      aria-describedby="input-full-width-text"
      className="tdd-MuiFormControl-root tdd-MuiFormControl-fullWidth"
      onBlur={[Function]}
      onFocus={[Function]}
    >
      <label
        className="tdd-MuiFormLabel-root tdd-Textbox--root tdd-MuiInputLabel-root tdd-WithStyles(InputLabel)-root tdd-MuiInputLabel-formControl tdd-MuiInputLabel-animated"
        data-shrink={false}
        htmlFor="input-full-width"
      >
        Full Width
      </label>
      <div
        className="tdd-MuiInput-root tdd-WithStyles(Input)-root tdd-MuiInput-fullWidth tdd-MuiInput-formControl tdd-MuiInput-underline tdd-WithStyles(Input)-underline"
      >
        <input
          aria-invalid={false}
          aria-required={false}
          autoComplete={undefined}
          autoFocus={undefined}
          className="tdd-MuiInput-input"
          defaultValue={undefined}
          disabled={false}
          id="input-full-width"
          name={undefined}
          onBlur={[Function]}
          onChange={[Function]}
          onFocus={[Function]}
          onKeyDown={undefined}
          onKeyUp={undefined}
          placeholder="Full width textbox"
          readOnly={undefined}
          required={undefined}
          rows={undefined}
          type="text"
          value={undefined}
        />
      </div>
      <p
        className="tdd-MuiFormHelperText-root tdd-WithStyles(FormHelperText)-root"
        id="input-full-width-text"
      >
        This is a full width textbox
      </p>
    </div>
  </div>,
  <div>
    <div
      aria-describedby="input-required-text"
      className="tdd-MuiFormControl-root"
      onBlur={[Function]}
      onFocus={[Function]}
    >
      <label
        className="tdd-MuiFormLabel-root tdd-Textbox--root tdd-MuiInputLabel-root tdd-WithStyles(InputLabel)-root tdd-MuiInputLabel-formControl tdd-MuiInputLabel-animated"
        data-shrink={false}
        htmlFor="input-required"
      >
        Required
        <span
          className="tdd-MuiFormLabel-asterisk"
        >
           *
        </span>
      </label>
      <div
        className="tdd-MuiInput-root tdd-WithStyles(Input)-root tdd-MuiInput-formControl tdd-MuiInput-underline tdd-WithStyles(Input)-underline"
      >
        <input
          aria-invalid={false}
          aria-required={true}
          autoComplete={undefined}
          autoFocus={undefined}
          className="tdd-MuiInput-input"
          defaultValue={undefined}
          disabled={false}
          id="input-required"
          name={undefined}
          onBlur={[Function]}
          onChange={[Function]}
          onFocus={[Function]}
          onKeyDown={undefined}
          onKeyUp={undefined}
          placeholder="Hello World"
          readOnly={undefined}
          required={true}
          rows={undefined}
          type="text"
          value={undefined}
        />
      </div>
    </div>
  </div>,
  <div>
    <div
      aria-describedby="input-helper-text-text"
      className="tdd-MuiFormControl-root"
      onBlur={[Function]}
      onFocus={[Function]}
    >
      <label
        className="tdd-MuiFormLabel-root tdd-Textbox--root tdd-MuiInputLabel-root tdd-WithStyles(InputLabel)-root tdd-MuiInputLabel-formControl tdd-MuiInputLabel-animated"
        data-shrink={false}
        htmlFor="input-helper-text"
      >
        Textbox label
      </label>
      <div
        className="tdd-MuiInput-root tdd-WithStyles(Input)-root tdd-MuiInput-formControl tdd-MuiInput-underline tdd-WithStyles(Input)-underline"
      >
        <input
          aria-invalid={false}
          aria-required={false}
          autoComplete={undefined}
          autoFocus={undefined}
          className="tdd-MuiInput-input"
          defaultValue={undefined}
          disabled={false}
          id="input-helper-text"
          name={undefined}
          onBlur={[Function]}
          onChange={[Function]}
          onFocus={[Function]}
          onKeyDown={undefined}
          onKeyUp={undefined}
          placeholder="Hello World"
          readOnly={undefined}
          required={undefined}
          rows={undefined}
          type="text"
          value={undefined}
        />
      </div>
      <p
        className="tdd-MuiFormHelperText-root tdd-WithStyles(FormHelperText)-root"
        id="input-helper-text-text"
      >
        This is a help text for the input
      </p>
    </div>
  </div>,
  <div>
    <div
      aria-describedby="input-email-text"
      className="tdd-MuiFormControl-root"
      onBlur={[Function]}
      onFocus={[Function]}
    >
      <label
        className="tdd-MuiFormLabel-root tdd-Textbox--root tdd-MuiInputLabel-root tdd-WithStyles(InputLabel)-root tdd-MuiInputLabel-formControl tdd-MuiInputLabel-animated"
        data-shrink={false}
        htmlFor="input-email"
      >
        Email Address
      </label>
      <div
        className="tdd-MuiInput-root tdd-WithStyles(Input)-root tdd-MuiInput-formControl tdd-MuiInput-underline tdd-WithStyles(Input)-underline"
      >
        <input
          aria-invalid={false}
          aria-required={false}
          autoComplete={undefined}
          autoFocus={undefined}
          className="tdd-MuiInput-input tdd-MuiInput-inputType"
          defaultValue={undefined}
          disabled={false}
          id="input-email"
          name={undefined}
          onBlur={[Function]}
          onChange={[Function]}
          onFocus={[Function]}
          onKeyDown={undefined}
          onKeyUp={undefined}
          placeholder="Enter your email"
          readOnly={undefined}
          required={undefined}
          rows={undefined}
          type="email"
          value={undefined}
        />
      </div>
      <p
        className="tdd-MuiFormHelperText-root tdd-WithStyles(FormHelperText)-root"
        id="input-email-text"
      >
        Enter your email address
      </p>
    </div>
  </div>,
  <div>
    <div
      aria-describedby="input-password-text"
      className="tdd-MuiFormControl-root"
      onBlur={[Function]}
      onFocus={[Function]}
    >
      <label
        className="tdd-MuiFormLabel-root tdd-Textbox--root tdd-MuiInputLabel-root tdd-WithStyles(InputLabel)-root tdd-MuiInputLabel-formControl tdd-MuiInputLabel-animated"
        data-shrink={false}
        htmlFor="input-password"
      >
        Password
      </label>
      <div
        className="tdd-MuiInput-root tdd-WithStyles(Input)-root tdd-MuiInput-formControl tdd-MuiInput-underline tdd-WithStyles(Input)-underline"
      >
        <input
          aria-invalid={false}
          aria-required={false}
          autoComplete={undefined}
          autoFocus={undefined}
          className="tdd-MuiInput-input tdd-MuiInput-inputType"
          defaultValue={undefined}
          disabled={false}
          id="input-password"
          name={undefined}
          onBlur={[Function]}
          onChange={[Function]}
          onFocus={[Function]}
          onKeyDown={undefined}
          onKeyUp={undefined}
          placeholder="Password"
          readOnly={undefined}
          required={undefined}
          rows={undefined}
          type="password"
          value={undefined}
        />
      </div>
      <p
        className="tdd-MuiFormHelperText-root tdd-WithStyles(FormHelperText)-root"
        id="input-password-text"
      >
        Enter your password
      </p>
    </div>
  </div>,
  <div>
    <div
      aria-describedby="input-description-text"
      className="tdd-MuiFormControl-root"
      onBlur={[Function]}
      onFocus={[Function]}
    >
      <label
        className="tdd-MuiFormLabel-root tdd-Textbox--root tdd-MuiInputLabel-root tdd-WithStyles(InputLabel)-root tdd-MuiInputLabel-formControl tdd-MuiInputLabel-animated"
        data-shrink={false}
        htmlFor="input-description"
      >
        Long Text
      </label>
      <div
        className="tdd-MuiInput-root tdd-WithStyles(Input)-root tdd-MuiInput-formControl tdd-MuiInput-multiline tdd-MuiInput-underline tdd-WithStyles(Input)-underline"
      >
        <textarea
          aria-invalid={false}
          aria-required={false}
          autoComplete={undefined}
          autoFocus={undefined}
          className="tdd-MuiInput-input tdd-MuiInput-inputMultiline"
          defaultValue={undefined}
          disabled={false}
          id="input-description"
          name={undefined}
          onBlur={[Function]}
          onChange={[Function]}
          onFocus={[Function]}
          onKeyDown={undefined}
          onKeyUp={undefined}
          placeholder="Enter some long text"
          readOnly={undefined}
          required={undefined}
          rows={2}
          type="text"
          value={undefined}
        />
      </div>
      <p
        className="tdd-MuiFormHelperText-root tdd-WithStyles(FormHelperText)-root"
        id="input-description-text"
      >
        This is a help text for the multiline input
      </p>
    </div>
  </div>,
  <div>
    <div
      aria-describedby="input-adornment-text"
      className="tdd-MuiFormControl-root"
      onBlur={[Function]}
      onFocus={[Function]}
    >
      <label
        className="tdd-MuiFormLabel-root tdd-Textbox--root tdd-MuiInputLabel-root tdd-WithStyles(InputLabel)-root tdd-MuiInputLabel-formControl tdd-MuiInputLabel-animated"
        data-shrink={false}
        htmlFor="input-adornment"
      >
        With Adornment
      </label>
      <div
        className="tdd-MuiInput-root tdd-WithStyles(Input)-root tdd-MuiInput-formControl tdd-MuiInput-underline tdd-WithStyles(Input)-underline"
      >
        <input
          aria-invalid={false}
          aria-required={false}
          autoComplete={undefined}
          autoFocus={undefined}
          className="tdd-MuiInput-input"
          defaultValue={undefined}
          disabled={false}
          id="input-adornment"
          name={undefined}
          onBlur={[Function]}
          onChange={[Function]}
          onFocus={[Function]}
          onKeyDown={undefined}
          onKeyUp={undefined}
          placeholder={undefined}
          readOnly={undefined}
          required={undefined}
          rows={undefined}
          type="text"
          value={undefined}
        />
        <div
          className="tdd-MuiInputAdornment-root tdd-MuiInputAdornment-positionEnd"
        >
          <p
            className="tdd-MuiTypography-root tdd-MuiTypography-body1 tdd-MuiTypography-colorTextSecondary"
          >
            %
          </p>
        </div>
      </div>
    </div>
  </div>,
]
`;

exports[`Textbox renders examples: xl 1`] = `
Array [
  <div>
    <div
      aria-describedby="input-default-text"
      className="tdd-MuiFormControl-root"
      onBlur={[Function]}
      onFocus={[Function]}
    >
      <label
        className="tdd-MuiFormLabel-root tdd-Textbox--root tdd-MuiInputLabel-root tdd-WithStyles(InputLabel)-root tdd-MuiInputLabel-formControl tdd-MuiInputLabel-animated"
        data-shrink={false}
        htmlFor="input-default"
      >
        Default
      </label>
      <div
        className="tdd-MuiInput-root tdd-WithStyles(Input)-root tdd-MuiInput-formControl tdd-MuiInput-underline tdd-WithStyles(Input)-underline"
      >
        <input
          aria-invalid={false}
          aria-required={false}
          autoComplete={undefined}
          autoFocus={undefined}
          className="tdd-MuiInput-input"
          defaultValue={undefined}
          disabled={false}
          id="input-default"
          name={undefined}
          onBlur={[Function]}
          onChange={[Function]}
          onFocus={[Function]}
          onKeyDown={undefined}
          onKeyUp={undefined}
          placeholder="Hello World"
          readOnly={undefined}
          required={undefined}
          rows={undefined}
          type="text"
          value={undefined}
        />
      </div>
    </div>
  </div>,
  <div>
    <div
      aria-describedby="input-with-value-text"
      className="tdd-MuiFormControl-root"
      onBlur={[Function]}
      onFocus={[Function]}
    >
      <label
        className="tdd-MuiFormLabel-root tdd-Textbox--root tdd-MuiInputLabel-root tdd-WithStyles(InputLabel)-root tdd-MuiInputLabel-formControl tdd-MuiInputLabel-animated tdd-MuiInputLabel-shrink"
        data-shrink={true}
        htmlFor="input-with-value"
      >
        Default
      </label>
      <div
        className="tdd-MuiInput-root tdd-WithStyles(Input)-root tdd-MuiInput-formControl tdd-MuiInput-underline tdd-WithStyles(Input)-underline"
      >
        <input
          aria-invalid={false}
          aria-required={false}
          autoComplete={undefined}
          autoFocus={undefined}
          className="tdd-MuiInput-input"
          defaultValue={undefined}
          disabled={false}
          id="input-with-value"
          name={undefined}
          onBlur={[Function]}
          onChange={[Function]}
          onFocus={[Function]}
          onKeyDown={undefined}
          onKeyUp={undefined}
          placeholder="Enter some text"
          readOnly={undefined}
          required={undefined}
          rows={undefined}
          type="text"
          value="Hello World"
        />
      </div>
    </div>
  </div>,
  <div>
    <div
      aria-describedby="input-with-default-value-text"
      className="tdd-MuiFormControl-root"
      onBlur={[Function]}
      onFocus={[Function]}
    >
      <label
        className="tdd-MuiFormLabel-root tdd-Textbox--root tdd-MuiInputLabel-root tdd-WithStyles(InputLabel)-root tdd-MuiInputLabel-formControl tdd-MuiInputLabel-animated"
        data-shrink={false}
        htmlFor="input-with-default-value"
      >
        Default
      </label>
      <div
        className="tdd-MuiInput-root tdd-WithStyles(Input)-root tdd-MuiInput-formControl tdd-MuiInput-underline tdd-WithStyles(Input)-underline"
      >
        <input
          aria-invalid={false}
          aria-required={false}
          autoComplete={undefined}
          autoFocus={undefined}
          className="tdd-MuiInput-input"
          defaultValue="Default Message"
          disabled={false}
          id="input-with-default-value"
          name={undefined}
          onBlur={[Function]}
          onChange={[Function]}
          onFocus={[Function]}
          onKeyDown={undefined}
          onKeyUp={undefined}
          placeholder="Enter some text"
          readOnly={undefined}
          required={undefined}
          rows={undefined}
          type="text"
          value={undefined}
        />
      </div>
    </div>
  </div>,
  <div>
    <div
      aria-describedby="input-disabled-text"
      className="tdd-MuiFormControl-root"
      onBlur={[Function]}
      onFocus={[Function]}
    >
      <label
        className="tdd-MuiFormLabel-root tdd-Textbox--root tdd-MuiFormLabel-disabled tdd-MuiInputLabel-root tdd-WithStyles(InputLabel)-root tdd-MuiInputLabel-formControl tdd-MuiInputLabel-animated"
        data-shrink={false}
        htmlFor="input-disabled"
      >
        Disabled
      </label>
      <div
        className="tdd-MuiInput-root tdd-WithStyles(Input)-root tdd-MuiInput-disabled tdd-MuiInput-formControl tdd-MuiInput-underline tdd-WithStyles(Input)-underline"
      >
        <input
          aria-invalid={false}
          aria-required={false}
          autoComplete={undefined}
          autoFocus={undefined}
          className="tdd-MuiInput-input tdd-MuiInput-disabled"
          defaultValue={undefined}
          disabled={true}
          id="input-disabled"
          name={undefined}
          onBlur={[Function]}
          onChange={[Function]}
          onFocus={[Function]}
          onKeyDown={undefined}
          onKeyUp={undefined}
          placeholder="Disabled Input"
          readOnly={undefined}
          required={undefined}
          rows={undefined}
          type="text"
          value={undefined}
        />
      </div>
    </div>
  </div>,
  <div>
    <div
      aria-describedby="input-error-text"
      className="tdd-MuiFormControl-root"
      onBlur={[Function]}
      onFocus={[Function]}
    >
      <label
        className="tdd-MuiFormLabel-root tdd-Textbox--root tdd-MuiFormLabel-error tdd-Textbox--error tdd-MuiInputLabel-root tdd-WithStyles(InputLabel)-root tdd-MuiInputLabel-formControl tdd-MuiInputLabel-animated"
        data-shrink={false}
        htmlFor="input-error"
      >
        Error
      </label>
      <div
        className="tdd-MuiInput-root tdd-WithStyles(Input)-root tdd-MuiInput-error tdd-MuiInput-formControl tdd-MuiInput-underline tdd-WithStyles(Input)-underline"
      >
        <input
          aria-invalid={true}
          aria-required={false}
          autoComplete={undefined}
          autoFocus={undefined}
          className="tdd-MuiInput-input"
          defaultValue={undefined}
          disabled={false}
          id="input-error"
          name={undefined}
          onBlur={[Function]}
          onChange={[Function]}
          onFocus={[Function]}
          onKeyDown={undefined}
          onKeyUp={undefined}
          placeholder="Hello World"
          readOnly={undefined}
          required={undefined}
          rows={undefined}
          type="text"
          value={undefined}
        />
      </div>
      <p
        className="tdd-MuiFormHelperText-root tdd-WithStyles(FormHelperText)-root tdd-MuiFormHelperText-error"
        id="input-error-text"
      >
        This field is required
      </p>
    </div>
  </div>,
  <div>
    <div
      aria-describedby="input-full-width-text"
      className="tdd-MuiFormControl-root tdd-MuiFormControl-fullWidth"
      onBlur={[Function]}
      onFocus={[Function]}
    >
      <label
        className="tdd-MuiFormLabel-root tdd-Textbox--root tdd-MuiInputLabel-root tdd-WithStyles(InputLabel)-root tdd-MuiInputLabel-formControl tdd-MuiInputLabel-animated"
        data-shrink={false}
        htmlFor="input-full-width"
      >
        Full Width
      </label>
      <div
        className="tdd-MuiInput-root tdd-WithStyles(Input)-root tdd-MuiInput-fullWidth tdd-MuiInput-formControl tdd-MuiInput-underline tdd-WithStyles(Input)-underline"
      >
        <input
          aria-invalid={false}
          aria-required={false}
          autoComplete={undefined}
          autoFocus={undefined}
          className="tdd-MuiInput-input"
          defaultValue={undefined}
          disabled={false}
          id="input-full-width"
          name={undefined}
          onBlur={[Function]}
          onChange={[Function]}
          onFocus={[Function]}
          onKeyDown={undefined}
          onKeyUp={undefined}
          placeholder="Full width textbox"
          readOnly={undefined}
          required={undefined}
          rows={undefined}
          type="text"
          value={undefined}
        />
      </div>
      <p
        className="tdd-MuiFormHelperText-root tdd-WithStyles(FormHelperText)-root"
        id="input-full-width-text"
      >
        This is a full width textbox
      </p>
    </div>
  </div>,
  <div>
    <div
      aria-describedby="input-required-text"
      className="tdd-MuiFormControl-root"
      onBlur={[Function]}
      onFocus={[Function]}
    >
      <label
        className="tdd-MuiFormLabel-root tdd-Textbox--root tdd-MuiInputLabel-root tdd-WithStyles(InputLabel)-root tdd-MuiInputLabel-formControl tdd-MuiInputLabel-animated"
        data-shrink={false}
        htmlFor="input-required"
      >
        Required
        <span
          className="tdd-MuiFormLabel-asterisk"
        >
           *
        </span>
      </label>
      <div
        className="tdd-MuiInput-root tdd-WithStyles(Input)-root tdd-MuiInput-formControl tdd-MuiInput-underline tdd-WithStyles(Input)-underline"
      >
        <input
          aria-invalid={false}
          aria-required={true}
          autoComplete={undefined}
          autoFocus={undefined}
          className="tdd-MuiInput-input"
          defaultValue={undefined}
          disabled={false}
          id="input-required"
          name={undefined}
          onBlur={[Function]}
          onChange={[Function]}
          onFocus={[Function]}
          onKeyDown={undefined}
          onKeyUp={undefined}
          placeholder="Hello World"
          readOnly={undefined}
          required={true}
          rows={undefined}
          type="text"
          value={undefined}
        />
      </div>
    </div>
  </div>,
  <div>
    <div
      aria-describedby="input-helper-text-text"
      className="tdd-MuiFormControl-root"
      onBlur={[Function]}
      onFocus={[Function]}
    >
      <label
        className="tdd-MuiFormLabel-root tdd-Textbox--root tdd-MuiInputLabel-root tdd-WithStyles(InputLabel)-root tdd-MuiInputLabel-formControl tdd-MuiInputLabel-animated"
        data-shrink={false}
        htmlFor="input-helper-text"
      >
        Textbox label
      </label>
      <div
        className="tdd-MuiInput-root tdd-WithStyles(Input)-root tdd-MuiInput-formControl tdd-MuiInput-underline tdd-WithStyles(Input)-underline"
      >
        <input
          aria-invalid={false}
          aria-required={false}
          autoComplete={undefined}
          autoFocus={undefined}
          className="tdd-MuiInput-input"
          defaultValue={undefined}
          disabled={false}
          id="input-helper-text"
          name={undefined}
          onBlur={[Function]}
          onChange={[Function]}
          onFocus={[Function]}
          onKeyDown={undefined}
          onKeyUp={undefined}
          placeholder="Hello World"
          readOnly={undefined}
          required={undefined}
          rows={undefined}
          type="text"
          value={undefined}
        />
      </div>
      <p
        className="tdd-MuiFormHelperText-root tdd-WithStyles(FormHelperText)-root"
        id="input-helper-text-text"
      >
        This is a help text for the input
      </p>
    </div>
  </div>,
  <div>
    <div
      aria-describedby="input-email-text"
      className="tdd-MuiFormControl-root"
      onBlur={[Function]}
      onFocus={[Function]}
    >
      <label
        className="tdd-MuiFormLabel-root tdd-Textbox--root tdd-MuiInputLabel-root tdd-WithStyles(InputLabel)-root tdd-MuiInputLabel-formControl tdd-MuiInputLabel-animated"
        data-shrink={false}
        htmlFor="input-email"
      >
        Email Address
      </label>
      <div
        className="tdd-MuiInput-root tdd-WithStyles(Input)-root tdd-MuiInput-formControl tdd-MuiInput-underline tdd-WithStyles(Input)-underline"
      >
        <input
          aria-invalid={false}
          aria-required={false}
          autoComplete={undefined}
          autoFocus={undefined}
          className="tdd-MuiInput-input tdd-MuiInput-inputType"
          defaultValue={undefined}
          disabled={false}
          id="input-email"
          name={undefined}
          onBlur={[Function]}
          onChange={[Function]}
          onFocus={[Function]}
          onKeyDown={undefined}
          onKeyUp={undefined}
          placeholder="Enter your email"
          readOnly={undefined}
          required={undefined}
          rows={undefined}
          type="email"
          value={undefined}
        />
      </div>
      <p
        className="tdd-MuiFormHelperText-root tdd-WithStyles(FormHelperText)-root"
        id="input-email-text"
      >
        Enter your email address
      </p>
    </div>
  </div>,
  <div>
    <div
      aria-describedby="input-password-text"
      className="tdd-MuiFormControl-root"
      onBlur={[Function]}
      onFocus={[Function]}
    >
      <label
        className="tdd-MuiFormLabel-root tdd-Textbox--root tdd-MuiInputLabel-root tdd-WithStyles(InputLabel)-root tdd-MuiInputLabel-formControl tdd-MuiInputLabel-animated"
        data-shrink={false}
        htmlFor="input-password"
      >
        Password
      </label>
      <div
        className="tdd-MuiInput-root tdd-WithStyles(Input)-root tdd-MuiInput-formControl tdd-MuiInput-underline tdd-WithStyles(Input)-underline"
      >
        <input
          aria-invalid={false}
          aria-required={false}
          autoComplete={undefined}
          autoFocus={undefined}
          className="tdd-MuiInput-input tdd-MuiInput-inputType"
          defaultValue={undefined}
          disabled={false}
          id="input-password"
          name={undefined}
          onBlur={[Function]}
          onChange={[Function]}
          onFocus={[Function]}
          onKeyDown={undefined}
          onKeyUp={undefined}
          placeholder="Password"
          readOnly={undefined}
          required={undefined}
          rows={undefined}
          type="password"
          value={undefined}
        />
      </div>
      <p
        className="tdd-MuiFormHelperText-root tdd-WithStyles(FormHelperText)-root"
        id="input-password-text"
      >
        Enter your password
      </p>
    </div>
  </div>,
  <div>
    <div
      aria-describedby="input-description-text"
      className="tdd-MuiFormControl-root"
      onBlur={[Function]}
      onFocus={[Function]}
    >
      <label
        className="tdd-MuiFormLabel-root tdd-Textbox--root tdd-MuiInputLabel-root tdd-WithStyles(InputLabel)-root tdd-MuiInputLabel-formControl tdd-MuiInputLabel-animated"
        data-shrink={false}
        htmlFor="input-description"
      >
        Long Text
      </label>
      <div
        className="tdd-MuiInput-root tdd-WithStyles(Input)-root tdd-MuiInput-formControl tdd-MuiInput-multiline tdd-MuiInput-underline tdd-WithStyles(Input)-underline"
      >
        <textarea
          aria-invalid={false}
          aria-required={false}
          autoComplete={undefined}
          autoFocus={undefined}
          className="tdd-MuiInput-input tdd-MuiInput-inputMultiline"
          defaultValue={undefined}
          disabled={false}
          id="input-description"
          name={undefined}
          onBlur={[Function]}
          onChange={[Function]}
          onFocus={[Function]}
          onKeyDown={undefined}
          onKeyUp={undefined}
          placeholder="Enter some long text"
          readOnly={undefined}
          required={undefined}
          rows={2}
          type="text"
          value={undefined}
        />
      </div>
      <p
        className="tdd-MuiFormHelperText-root tdd-WithStyles(FormHelperText)-root"
        id="input-description-text"
      >
        This is a help text for the multiline input
      </p>
    </div>
  </div>,
  <div>
    <div
      aria-describedby="input-adornment-text"
      className="tdd-MuiFormControl-root"
      onBlur={[Function]}
      onFocus={[Function]}
    >
      <label
        className="tdd-MuiFormLabel-root tdd-Textbox--root tdd-MuiInputLabel-root tdd-WithStyles(InputLabel)-root tdd-MuiInputLabel-formControl tdd-MuiInputLabel-animated"
        data-shrink={false}
        htmlFor="input-adornment"
      >
        With Adornment
      </label>
      <div
        className="tdd-MuiInput-root tdd-WithStyles(Input)-root tdd-MuiInput-formControl tdd-MuiInput-underline tdd-WithStyles(Input)-underline"
      >
        <input
          aria-invalid={false}
          aria-required={false}
          autoComplete={undefined}
          autoFocus={undefined}
          className="tdd-MuiInput-input"
          defaultValue={undefined}
          disabled={false}
          id="input-adornment"
          name={undefined}
          onBlur={[Function]}
          onChange={[Function]}
          onFocus={[Function]}
          onKeyDown={undefined}
          onKeyUp={undefined}
          placeholder={undefined}
          readOnly={undefined}
          required={undefined}
          rows={undefined}
          type="text"
          value={undefined}
        />
        <div
          className="tdd-MuiInputAdornment-root tdd-MuiInputAdornment-positionEnd"
        >
          <p
            className="tdd-MuiTypography-root tdd-MuiTypography-body1 tdd-MuiTypography-colorTextSecondary"
          >
            %
          </p>
        </div>
      </div>
    </div>
  </div>,
]
`;

exports[`Textbox renders examples: xs 1`] = `
Array [
  <div>
    <div
      aria-describedby="input-default-text"
      className="tdd-MuiFormControl-root"
      onBlur={[Function]}
      onFocus={[Function]}
    >
      <label
        className="tdd-MuiFormLabel-root tdd-Textbox--root tdd-MuiInputLabel-root tdd-WithStyles(InputLabel)-root tdd-MuiInputLabel-formControl tdd-MuiInputLabel-animated"
        data-shrink={false}
        htmlFor="input-default"
      >
        Default
      </label>
      <div
        className="tdd-MuiInput-root tdd-WithStyles(Input)-root tdd-MuiInput-formControl tdd-MuiInput-underline tdd-WithStyles(Input)-underline"
      >
        <input
          aria-invalid={false}
          aria-required={false}
          autoComplete={undefined}
          autoFocus={undefined}
          className="tdd-MuiInput-input"
          defaultValue={undefined}
          disabled={false}
          id="input-default"
          name={undefined}
          onBlur={[Function]}
          onChange={[Function]}
          onFocus={[Function]}
          onKeyDown={undefined}
          onKeyUp={undefined}
          placeholder="Hello World"
          readOnly={undefined}
          required={undefined}
          rows={undefined}
          type="text"
          value={undefined}
        />
      </div>
    </div>
  </div>,
  <div>
    <div
      aria-describedby="input-with-value-text"
      className="tdd-MuiFormControl-root"
      onBlur={[Function]}
      onFocus={[Function]}
    >
      <label
        className="tdd-MuiFormLabel-root tdd-Textbox--root tdd-MuiInputLabel-root tdd-WithStyles(InputLabel)-root tdd-MuiInputLabel-formControl tdd-MuiInputLabel-animated tdd-MuiInputLabel-shrink"
        data-shrink={true}
        htmlFor="input-with-value"
      >
        Default
      </label>
      <div
        className="tdd-MuiInput-root tdd-WithStyles(Input)-root tdd-MuiInput-formControl tdd-MuiInput-underline tdd-WithStyles(Input)-underline"
      >
        <input
          aria-invalid={false}
          aria-required={false}
          autoComplete={undefined}
          autoFocus={undefined}
          className="tdd-MuiInput-input"
          defaultValue={undefined}
          disabled={false}
          id="input-with-value"
          name={undefined}
          onBlur={[Function]}
          onChange={[Function]}
          onFocus={[Function]}
          onKeyDown={undefined}
          onKeyUp={undefined}
          placeholder="Enter some text"
          readOnly={undefined}
          required={undefined}
          rows={undefined}
          type="text"
          value="Hello World"
        />
      </div>
    </div>
  </div>,
  <div>
    <div
      aria-describedby="input-with-default-value-text"
      className="tdd-MuiFormControl-root"
      onBlur={[Function]}
      onFocus={[Function]}
    >
      <label
        className="tdd-MuiFormLabel-root tdd-Textbox--root tdd-MuiInputLabel-root tdd-WithStyles(InputLabel)-root tdd-MuiInputLabel-formControl tdd-MuiInputLabel-animated"
        data-shrink={false}
        htmlFor="input-with-default-value"
      >
        Default
      </label>
      <div
        className="tdd-MuiInput-root tdd-WithStyles(Input)-root tdd-MuiInput-formControl tdd-MuiInput-underline tdd-WithStyles(Input)-underline"
      >
        <input
          aria-invalid={false}
          aria-required={false}
          autoComplete={undefined}
          autoFocus={undefined}
          className="tdd-MuiInput-input"
          defaultValue="Default Message"
          disabled={false}
          id="input-with-default-value"
          name={undefined}
          onBlur={[Function]}
          onChange={[Function]}
          onFocus={[Function]}
          onKeyDown={undefined}
          onKeyUp={undefined}
          placeholder="Enter some text"
          readOnly={undefined}
          required={undefined}
          rows={undefined}
          type="text"
          value={undefined}
        />
      </div>
    </div>
  </div>,
  <div>
    <div
      aria-describedby="input-disabled-text"
      className="tdd-MuiFormControl-root"
      onBlur={[Function]}
      onFocus={[Function]}
    >
      <label
        className="tdd-MuiFormLabel-root tdd-Textbox--root tdd-MuiFormLabel-disabled tdd-MuiInputLabel-root tdd-WithStyles(InputLabel)-root tdd-MuiInputLabel-formControl tdd-MuiInputLabel-animated"
        data-shrink={false}
        htmlFor="input-disabled"
      >
        Disabled
      </label>
      <div
        className="tdd-MuiInput-root tdd-WithStyles(Input)-root tdd-MuiInput-disabled tdd-MuiInput-formControl tdd-MuiInput-underline tdd-WithStyles(Input)-underline"
      >
        <input
          aria-invalid={false}
          aria-required={false}
          autoComplete={undefined}
          autoFocus={undefined}
          className="tdd-MuiInput-input tdd-MuiInput-disabled"
          defaultValue={undefined}
          disabled={true}
          id="input-disabled"
          name={undefined}
          onBlur={[Function]}
          onChange={[Function]}
          onFocus={[Function]}
          onKeyDown={undefined}
          onKeyUp={undefined}
          placeholder="Disabled Input"
          readOnly={undefined}
          required={undefined}
          rows={undefined}
          type="text"
          value={undefined}
        />
      </div>
    </div>
  </div>,
  <div>
    <div
      aria-describedby="input-error-text"
      className="tdd-MuiFormControl-root"
      onBlur={[Function]}
      onFocus={[Function]}
    >
      <label
        className="tdd-MuiFormLabel-root tdd-Textbox--root tdd-MuiFormLabel-error tdd-Textbox--error tdd-MuiInputLabel-root tdd-WithStyles(InputLabel)-root tdd-MuiInputLabel-formControl tdd-MuiInputLabel-animated"
        data-shrink={false}
        htmlFor="input-error"
      >
        Error
      </label>
      <div
        className="tdd-MuiInput-root tdd-WithStyles(Input)-root tdd-MuiInput-error tdd-MuiInput-formControl tdd-MuiInput-underline tdd-WithStyles(Input)-underline"
      >
        <input
          aria-invalid={true}
          aria-required={false}
          autoComplete={undefined}
          autoFocus={undefined}
          className="tdd-MuiInput-input"
          defaultValue={undefined}
          disabled={false}
          id="input-error"
          name={undefined}
          onBlur={[Function]}
          onChange={[Function]}
          onFocus={[Function]}
          onKeyDown={undefined}
          onKeyUp={undefined}
          placeholder="Hello World"
          readOnly={undefined}
          required={undefined}
          rows={undefined}
          type="text"
          value={undefined}
        />
      </div>
      <p
        className="tdd-MuiFormHelperText-root tdd-WithStyles(FormHelperText)-root tdd-MuiFormHelperText-error"
        id="input-error-text"
      >
        This field is required
      </p>
    </div>
  </div>,
  <div>
    <div
      aria-describedby="input-full-width-text"
      className="tdd-MuiFormControl-root tdd-MuiFormControl-fullWidth"
      onBlur={[Function]}
      onFocus={[Function]}
    >
      <label
        className="tdd-MuiFormLabel-root tdd-Textbox--root tdd-MuiInputLabel-root tdd-WithStyles(InputLabel)-root tdd-MuiInputLabel-formControl tdd-MuiInputLabel-animated"
        data-shrink={false}
        htmlFor="input-full-width"
      >
        Full Width
      </label>
      <div
        className="tdd-MuiInput-root tdd-WithStyles(Input)-root tdd-MuiInput-fullWidth tdd-MuiInput-formControl tdd-MuiInput-underline tdd-WithStyles(Input)-underline"
      >
        <input
          aria-invalid={false}
          aria-required={false}
          autoComplete={undefined}
          autoFocus={undefined}
          className="tdd-MuiInput-input"
          defaultValue={undefined}
          disabled={false}
          id="input-full-width"
          name={undefined}
          onBlur={[Function]}
          onChange={[Function]}
          onFocus={[Function]}
          onKeyDown={undefined}
          onKeyUp={undefined}
          placeholder="Full width textbox"
          readOnly={undefined}
          required={undefined}
          rows={undefined}
          type="text"
          value={undefined}
        />
      </div>
      <p
        className="tdd-MuiFormHelperText-root tdd-WithStyles(FormHelperText)-root"
        id="input-full-width-text"
      >
        This is a full width textbox
      </p>
    </div>
  </div>,
  <div>
    <div
      aria-describedby="input-required-text"
      className="tdd-MuiFormControl-root"
      onBlur={[Function]}
      onFocus={[Function]}
    >
      <label
        className="tdd-MuiFormLabel-root tdd-Textbox--root tdd-MuiInputLabel-root tdd-WithStyles(InputLabel)-root tdd-MuiInputLabel-formControl tdd-MuiInputLabel-animated"
        data-shrink={false}
        htmlFor="input-required"
      >
        Required
        <span
          className="tdd-MuiFormLabel-asterisk"
        >
           *
        </span>
      </label>
      <div
        className="tdd-MuiInput-root tdd-WithStyles(Input)-root tdd-MuiInput-formControl tdd-MuiInput-underline tdd-WithStyles(Input)-underline"
      >
        <input
          aria-invalid={false}
          aria-required={true}
          autoComplete={undefined}
          autoFocus={undefined}
          className="tdd-MuiInput-input"
          defaultValue={undefined}
          disabled={false}
          id="input-required"
          name={undefined}
          onBlur={[Function]}
          onChange={[Function]}
          onFocus={[Function]}
          onKeyDown={undefined}
          onKeyUp={undefined}
          placeholder="Hello World"
          readOnly={undefined}
          required={true}
          rows={undefined}
          type="text"
          value={undefined}
        />
      </div>
    </div>
  </div>,
  <div>
    <div
      aria-describedby="input-helper-text-text"
      className="tdd-MuiFormControl-root"
      onBlur={[Function]}
      onFocus={[Function]}
    >
      <label
        className="tdd-MuiFormLabel-root tdd-Textbox--root tdd-MuiInputLabel-root tdd-WithStyles(InputLabel)-root tdd-MuiInputLabel-formControl tdd-MuiInputLabel-animated"
        data-shrink={false}
        htmlFor="input-helper-text"
      >
        Textbox label
      </label>
      <div
        className="tdd-MuiInput-root tdd-WithStyles(Input)-root tdd-MuiInput-formControl tdd-MuiInput-underline tdd-WithStyles(Input)-underline"
      >
        <input
          aria-invalid={false}
          aria-required={false}
          autoComplete={undefined}
          autoFocus={undefined}
          className="tdd-MuiInput-input"
          defaultValue={undefined}
          disabled={false}
          id="input-helper-text"
          name={undefined}
          onBlur={[Function]}
          onChange={[Function]}
          onFocus={[Function]}
          onKeyDown={undefined}
          onKeyUp={undefined}
          placeholder="Hello World"
          readOnly={undefined}
          required={undefined}
          rows={undefined}
          type="text"
          value={undefined}
        />
      </div>
      <p
        className="tdd-MuiFormHelperText-root tdd-WithStyles(FormHelperText)-root"
        id="input-helper-text-text"
      >
        This is a help text for the input
      </p>
    </div>
  </div>,
  <div>
    <div
      aria-describedby="input-email-text"
      className="tdd-MuiFormControl-root"
      onBlur={[Function]}
      onFocus={[Function]}
    >
      <label
        className="tdd-MuiFormLabel-root tdd-Textbox--root tdd-MuiInputLabel-root tdd-WithStyles(InputLabel)-root tdd-MuiInputLabel-formControl tdd-MuiInputLabel-animated"
        data-shrink={false}
        htmlFor="input-email"
      >
        Email Address
      </label>
      <div
        className="tdd-MuiInput-root tdd-WithStyles(Input)-root tdd-MuiInput-formControl tdd-MuiInput-underline tdd-WithStyles(Input)-underline"
      >
        <input
          aria-invalid={false}
          aria-required={false}
          autoComplete={undefined}
          autoFocus={undefined}
          className="tdd-MuiInput-input tdd-MuiInput-inputType"
          defaultValue={undefined}
          disabled={false}
          id="input-email"
          name={undefined}
          onBlur={[Function]}
          onChange={[Function]}
          onFocus={[Function]}
          onKeyDown={undefined}
          onKeyUp={undefined}
          placeholder="Enter your email"
          readOnly={undefined}
          required={undefined}
          rows={undefined}
          type="email"
          value={undefined}
        />
      </div>
      <p
        className="tdd-MuiFormHelperText-root tdd-WithStyles(FormHelperText)-root"
        id="input-email-text"
      >
        Enter your email address
      </p>
    </div>
  </div>,
  <div>
    <div
      aria-describedby="input-password-text"
      className="tdd-MuiFormControl-root"
      onBlur={[Function]}
      onFocus={[Function]}
    >
      <label
        className="tdd-MuiFormLabel-root tdd-Textbox--root tdd-MuiInputLabel-root tdd-WithStyles(InputLabel)-root tdd-MuiInputLabel-formControl tdd-MuiInputLabel-animated"
        data-shrink={false}
        htmlFor="input-password"
      >
        Password
      </label>
      <div
        className="tdd-MuiInput-root tdd-WithStyles(Input)-root tdd-MuiInput-formControl tdd-MuiInput-underline tdd-WithStyles(Input)-underline"
      >
        <input
          aria-invalid={false}
          aria-required={false}
          autoComplete={undefined}
          autoFocus={undefined}
          className="tdd-MuiInput-input tdd-MuiInput-inputType"
          defaultValue={undefined}
          disabled={false}
          id="input-password"
          name={undefined}
          onBlur={[Function]}
          onChange={[Function]}
          onFocus={[Function]}
          onKeyDown={undefined}
          onKeyUp={undefined}
          placeholder="Password"
          readOnly={undefined}
          required={undefined}
          rows={undefined}
          type="password"
          value={undefined}
        />
      </div>
      <p
        className="tdd-MuiFormHelperText-root tdd-WithStyles(FormHelperText)-root"
        id="input-password-text"
      >
        Enter your password
      </p>
    </div>
  </div>,
  <div>
    <div
      aria-describedby="input-description-text"
      className="tdd-MuiFormControl-root"
      onBlur={[Function]}
      onFocus={[Function]}
    >
      <label
        className="tdd-MuiFormLabel-root tdd-Textbox--root tdd-MuiInputLabel-root tdd-WithStyles(InputLabel)-root tdd-MuiInputLabel-formControl tdd-MuiInputLabel-animated"
        data-shrink={false}
        htmlFor="input-description"
      >
        Long Text
      </label>
      <div
        className="tdd-MuiInput-root tdd-WithStyles(Input)-root tdd-MuiInput-formControl tdd-MuiInput-multiline tdd-MuiInput-underline tdd-WithStyles(Input)-underline"
      >
        <textarea
          aria-invalid={false}
          aria-required={false}
          autoComplete={undefined}
          autoFocus={undefined}
          className="tdd-MuiInput-input tdd-MuiInput-inputMultiline"
          defaultValue={undefined}
          disabled={false}
          id="input-description"
          name={undefined}
          onBlur={[Function]}
          onChange={[Function]}
          onFocus={[Function]}
          onKeyDown={undefined}
          onKeyUp={undefined}
          placeholder="Enter some long text"
          readOnly={undefined}
          required={undefined}
          rows={2}
          type="text"
          value={undefined}
        />
      </div>
      <p
        className="tdd-MuiFormHelperText-root tdd-WithStyles(FormHelperText)-root"
        id="input-description-text"
      >
        This is a help text for the multiline input
      </p>
    </div>
  </div>,
  <div>
    <div
      aria-describedby="input-adornment-text"
      className="tdd-MuiFormControl-root"
      onBlur={[Function]}
      onFocus={[Function]}
    >
      <label
        className="tdd-MuiFormLabel-root tdd-Textbox--root tdd-MuiInputLabel-root tdd-WithStyles(InputLabel)-root tdd-MuiInputLabel-formControl tdd-MuiInputLabel-animated"
        data-shrink={false}
        htmlFor="input-adornment"
      >
        With Adornment
      </label>
      <div
        className="tdd-MuiInput-root tdd-WithStyles(Input)-root tdd-MuiInput-formControl tdd-MuiInput-underline tdd-WithStyles(Input)-underline"
      >
        <input
          aria-invalid={false}
          aria-required={false}
          autoComplete={undefined}
          autoFocus={undefined}
          className="tdd-MuiInput-input"
          defaultValue={undefined}
          disabled={false}
          id="input-adornment"
          name={undefined}
          onBlur={[Function]}
          onChange={[Function]}
          onFocus={[Function]}
          onKeyDown={undefined}
          onKeyUp={undefined}
          placeholder={undefined}
          readOnly={undefined}
          required={undefined}
          rows={undefined}
          type="text"
          value={undefined}
        />
        <div
          className="tdd-MuiInputAdornment-root tdd-MuiInputAdornment-positionEnd"
        >
          <p
            className="tdd-MuiTypography-root tdd-MuiTypography-body1 tdd-MuiTypography-colorTextSecondary"
          >
            %
          </p>
        </div>
      </div>
    </div>
  </div>,
]
`;
