// Jest Snapshot v1, https://goo.gl/fbAQLP

exports[`DateTimePicker renders examples: lg 1`] = `
Array [
  <span
    className="tdd-Text--body"
  >
    November 18, 2018
  </span>,
  " ",
  <button
    className="tdd-MuiButtonBase-root tdd-MuiButton-root tdd-MuiButton-contained tdd-MuiButton-containedPrimary tdd-MuiButton-raised tdd-MuiButton-raisedPrimary tdd-Button--button"
    disabled={false}
    onBlur={[Function]}
    onClick={[Function]}
    onFocus={[Function]}
    onKeyDown={[Function]}
    onKeyUp={[Function]}
    onMouseDown={[Function]}
    onMouseLeave={[Function]}
    onMouseUp={[Function]}
    onTouchEnd={[Function]}
    onTouchMove={[Function]}
    onTouchStart={[Function]}
    tabIndex="0"
    type="button"
  >
    <span
      className="tdd-MuiButton-label"
    >
      Pick Date
    </span>
    <span
      className="tdd-MuiTouchRipple-root"
    />
  </button>,
  <button
    className="tdd-MuiButtonBase-root tdd-MuiButton-root tdd-MuiButton-contained tdd-MuiButton-containedPrimary tdd-MuiButton-raised tdd-MuiButton-raisedPrimary tdd-Button--button"
    disabled={false}
    onBlur={[Function]}
    onClick={[Function]}
    onFocus={[Function]}
    onKeyDown={[Function]}
    onKeyUp={[Function]}
    onMouseDown={[Function]}
    onMouseLeave={[Function]}
    onMouseUp={[Function]}
    onTouchEnd={[Function]}
    onTouchMove={[Function]}
    onTouchStart={[Function]}
    tabIndex="0"
    type="button"
  >
    <span
      className="tdd-MuiButton-label"
    >
      Pick Date - November 18, 2018
    </span>
    <span
      className="tdd-MuiTouchRipple-root"
    />
  </button>,
]
`;

exports[`DateTimePicker renders examples: md 1`] = `
Array [
  <span
    className="tdd-Text--body"
  >
    November 18, 2018
  </span>,
  " ",
  <button
    className="tdd-MuiButtonBase-root tdd-MuiButton-root tdd-MuiButton-contained tdd-MuiButton-containedPrimary tdd-MuiButton-raised tdd-MuiButton-raisedPrimary tdd-Button--button"
    disabled={false}
    onBlur={[Function]}
    onClick={[Function]}
    onFocus={[Function]}
    onKeyDown={[Function]}
    onKeyUp={[Function]}
    onMouseDown={[Function]}
    onMouseLeave={[Function]}
    onMouseUp={[Function]}
    onTouchEnd={[Function]}
    onTouchMove={[Function]}
    onTouchStart={[Function]}
    tabIndex="0"
    type="button"
  >
    <span
      className="tdd-MuiButton-label"
    >
      Pick Date
    </span>
    <span
      className="tdd-MuiTouchRipple-root"
    />
  </button>,
  <button
    className="tdd-MuiButtonBase-root tdd-MuiButton-root tdd-MuiButton-contained tdd-MuiButton-containedPrimary tdd-MuiButton-raised tdd-MuiButton-raisedPrimary tdd-Button--button"
    disabled={false}
    onBlur={[Function]}
    onClick={[Function]}
    onFocus={[Function]}
    onKeyDown={[Function]}
    onKeyUp={[Function]}
    onMouseDown={[Function]}
    onMouseLeave={[Function]}
    onMouseUp={[Function]}
    onTouchEnd={[Function]}
    onTouchMove={[Function]}
    onTouchStart={[Function]}
    tabIndex="0"
    type="button"
  >
    <span
      className="tdd-MuiButton-label"
    >
      Pick Date - November 18, 2018
    </span>
    <span
      className="tdd-MuiTouchRipple-root"
    />
  </button>,
]
`;

exports[`DateTimePicker renders examples: sm 1`] = `
Array [
  <span
    className="tdd-Text--body"
  >
    November 18, 2018
  </span>,
  " ",
  <button
    className="tdd-MuiButtonBase-root tdd-MuiButton-root tdd-MuiButton-contained tdd-MuiButton-containedPrimary tdd-MuiButton-raised tdd-MuiButton-raisedPrimary tdd-Button--button"
    disabled={false}
    onBlur={[Function]}
    onClick={[Function]}
    onFocus={[Function]}
    onKeyDown={[Function]}
    onKeyUp={[Function]}
    onMouseDown={[Function]}
    onMouseLeave={[Function]}
    onMouseUp={[Function]}
    onTouchEnd={[Function]}
    onTouchMove={[Function]}
    onTouchStart={[Function]}
    tabIndex="0"
    type="button"
  >
    <span
      className="tdd-MuiButton-label"
    >
      Pick Date
    </span>
    <span
      className="tdd-MuiTouchRipple-root"
    />
  </button>,
  <button
    className="tdd-MuiButtonBase-root tdd-MuiButton-root tdd-MuiButton-contained tdd-MuiButton-containedPrimary tdd-MuiButton-raised tdd-MuiButton-raisedPrimary tdd-Button--button"
    disabled={false}
    onBlur={[Function]}
    onClick={[Function]}
    onFocus={[Function]}
    onKeyDown={[Function]}
    onKeyUp={[Function]}
    onMouseDown={[Function]}
    onMouseLeave={[Function]}
    onMouseUp={[Function]}
    onTouchEnd={[Function]}
    onTouchMove={[Function]}
    onTouchStart={[Function]}
    tabIndex="0"
    type="button"
  >
    <span
      className="tdd-MuiButton-label"
    >
      Pick Date - November 18, 2018
    </span>
    <span
      className="tdd-MuiTouchRipple-root"
    />
  </button>,
]
`;

exports[`DateTimePicker renders examples: xl 1`] = `
Array [
  <span
    className="tdd-Text--body"
  >
    November 18, 2018
  </span>,
  " ",
  <button
    className="tdd-MuiButtonBase-root tdd-MuiButton-root tdd-MuiButton-contained tdd-MuiButton-containedPrimary tdd-MuiButton-raised tdd-MuiButton-raisedPrimary tdd-Button--button"
    disabled={false}
    onBlur={[Function]}
    onClick={[Function]}
    onFocus={[Function]}
    onKeyDown={[Function]}
    onKeyUp={[Function]}
    onMouseDown={[Function]}
    onMouseLeave={[Function]}
    onMouseUp={[Function]}
    onTouchEnd={[Function]}
    onTouchMove={[Function]}
    onTouchStart={[Function]}
    tabIndex="0"
    type="button"
  >
    <span
      className="tdd-MuiButton-label"
    >
      Pick Date
    </span>
    <span
      className="tdd-MuiTouchRipple-root"
    />
  </button>,
  <button
    className="tdd-MuiButtonBase-root tdd-MuiButton-root tdd-MuiButton-contained tdd-MuiButton-containedPrimary tdd-MuiButton-raised tdd-MuiButton-raisedPrimary tdd-Button--button"
    disabled={false}
    onBlur={[Function]}
    onClick={[Function]}
    onFocus={[Function]}
    onKeyDown={[Function]}
    onKeyUp={[Function]}
    onMouseDown={[Function]}
    onMouseLeave={[Function]}
    onMouseUp={[Function]}
    onTouchEnd={[Function]}
    onTouchMove={[Function]}
    onTouchStart={[Function]}
    tabIndex="0"
    type="button"
  >
    <span
      className="tdd-MuiButton-label"
    >
      Pick Date - November 18, 2018
    </span>
    <span
      className="tdd-MuiTouchRipple-root"
    />
  </button>,
]
`;

exports[`DateTimePicker renders examples: xs 1`] = `
Array [
  <span
    className="tdd-Text--body"
  >
    November 18, 2018
  </span>,
  " ",
  <button
    className="tdd-MuiButtonBase-root tdd-MuiButton-root tdd-MuiButton-contained tdd-MuiButton-containedPrimary tdd-MuiButton-raised tdd-MuiButton-raisedPrimary tdd-Button--button"
    disabled={false}
    onBlur={[Function]}
    onClick={[Function]}
    onFocus={[Function]}
    onKeyDown={[Function]}
    onKeyUp={[Function]}
    onMouseDown={[Function]}
    onMouseLeave={[Function]}
    onMouseUp={[Function]}
    onTouchEnd={[Function]}
    onTouchMove={[Function]}
    onTouchStart={[Function]}
    tabIndex="0"
    type="button"
  >
    <span
      className="tdd-MuiButton-label"
    >
      Pick Date
    </span>
    <span
      className="tdd-MuiTouchRipple-root"
    />
  </button>,
  <button
    className="tdd-MuiButtonBase-root tdd-MuiButton-root tdd-MuiButton-contained tdd-MuiButton-containedPrimary tdd-MuiButton-raised tdd-MuiButton-raisedPrimary tdd-Button--button"
    disabled={false}
    onBlur={[Function]}
    onClick={[Function]}
    onFocus={[Function]}
    onKeyDown={[Function]}
    onKeyUp={[Function]}
    onMouseDown={[Function]}
    onMouseLeave={[Function]}
    onMouseUp={[Function]}
    onTouchEnd={[Function]}
    onTouchMove={[Function]}
    onTouchStart={[Function]}
    tabIndex="0"
    type="button"
  >
    <span
      className="tdd-MuiButton-label"
    >
      Pick Date - November 18, 2018
    </span>
    <span
      className="tdd-MuiTouchRipple-root"
    />
  </button>,
]
`;
