// Jest Snapshot v1, https://goo.gl/fbAQLP

exports[`withUrlQueryParam renders examples: lg 1`] = `
Array [
  <hr
    className="tdd-Divider--divider"
  />,
  <div
    className="tdd-Example--noContainer"
  >
    <div
      className="tdd-ButtonGroup--container"
    >
      <button
        className="tdd-MuiButtonBase-root tdd-ButtonGroup--deselected"
        data-test-id="test1-6"
        disabled={undefined}
        onBlur={[Function]}
        onClick={[Function]}
        onFocus={[Function]}
        onKeyDown={[Function]}
        onKeyUp={[Function]}
        onMouseDown={[Function]}
        onMouseLeave={[Function]}
        onMouseUp={[Function]}
        onTouchEnd={[Function]}
        onTouchMove={[Function]}
        onTouchStart={[Function]}
        tabIndex="0"
        type="button"
      >
        6 Months
      </button>
      <button
        className="tdd-MuiButtonBase-root tdd-ButtonGroup--deselected"
        data-test-id="test1-9"
        disabled={undefined}
        onBlur={[Function]}
        onClick={[Function]}
        onFocus={[Function]}
        onKeyDown={[Function]}
        onKeyUp={[Function]}
        onMouseDown={[Function]}
        onMouseLeave={[Function]}
        onMouseUp={[Function]}
        onTouchEnd={[Function]}
        onTouchMove={[Function]}
        onTouchStart={[Function]}
        tabIndex="0"
        type="button"
      >
        9 Months
      </button>
      <button
        className="tdd-MuiButtonBase-root tdd-ButtonGroup--deselected"
        data-test-id="test1-12"
        disabled={undefined}
        onBlur={[Function]}
        onClick={[Function]}
        onFocus={[Function]}
        onKeyDown={[Function]}
        onKeyUp={[Function]}
        onMouseDown={[Function]}
        onMouseLeave={[Function]}
        onMouseUp={[Function]}
        onTouchEnd={[Function]}
        onTouchMove={[Function]}
        onTouchStart={[Function]}
        tabIndex="0"
        type="button"
      >
        12 Months
      </button>
    </div>
    <button
      className="tdd-MuiButtonBase-root tdd-MuiButton-root tdd-MuiButton-contained tdd-MuiButton-containedPrimary tdd-MuiButton-raised tdd-MuiButton-raisedPrimary tdd-Button--button"
      data-test-id="test1-reset"
      disabled={false}
      onBlur={[Function]}
      onClick={[Function]}
      onFocus={[Function]}
      onKeyDown={[Function]}
      onKeyUp={[Function]}
      onMouseDown={[Function]}
      onMouseLeave={[Function]}
      onMouseUp={[Function]}
      onTouchEnd={[Function]}
      onTouchMove={[Function]}
      onTouchStart={[Function]}
      tabIndex="0"
      type="button"
    >
      <span
        className="tdd-MuiButton-label"
      >
        <span
          className="tdd-Text--body"
        >
          Click To Reset
        </span>
      </span>
      <span
        className="tdd-MuiTouchRipple-root"
      />
    </button>
  </div>,
  <span
    className="tdd-Text--body"
  >
    In this example, 'test1_range' is the query string parameter.  Click one of the buttons and see how it works.  The last button clears the value, resulting in no button selected.  Also try changing the value by hand.  Change it to an invalid value and notice that no button is selected.
  </span>,
  <hr
    className="tdd-Divider--divider"
  />,
  <div
    className="tdd-Example--noContainer"
  >
    <div
      className="tdd-ButtonGroup--container"
    >
      <button
        className="tdd-MuiButtonBase-root tdd-ButtonGroup--selected"
        disabled={undefined}
        onBlur={[Function]}
        onClick={[Function]}
        onFocus={[Function]}
        onKeyDown={[Function]}
        onKeyUp={[Function]}
        onMouseDown={[Function]}
        onMouseLeave={[Function]}
        onMouseUp={[Function]}
        onTouchEnd={[Function]}
        onTouchMove={[Function]}
        onTouchStart={[Function]}
        tabIndex="0"
        type="button"
      >
        6 Months
      </button>
      <button
        className="tdd-MuiButtonBase-root tdd-ButtonGroup--deselected"
        disabled={undefined}
        onBlur={[Function]}
        onClick={[Function]}
        onFocus={[Function]}
        onKeyDown={[Function]}
        onKeyUp={[Function]}
        onMouseDown={[Function]}
        onMouseLeave={[Function]}
        onMouseUp={[Function]}
        onTouchEnd={[Function]}
        onTouchMove={[Function]}
        onTouchStart={[Function]}
        tabIndex="0"
        type="button"
      >
        9 Months
      </button>
      <button
        className="tdd-MuiButtonBase-root tdd-ButtonGroup--deselected"
        disabled={undefined}
        onBlur={[Function]}
        onClick={[Function]}
        onFocus={[Function]}
        onKeyDown={[Function]}
        onKeyUp={[Function]}
        onMouseDown={[Function]}
        onMouseLeave={[Function]}
        onMouseUp={[Function]}
        onTouchEnd={[Function]}
        onTouchMove={[Function]}
        onTouchStart={[Function]}
        tabIndex="0"
        type="button"
      >
        12 Months
      </button>
    </div>
    <button
      className="tdd-MuiButtonBase-root tdd-MuiButton-root tdd-MuiButton-contained tdd-MuiButton-containedPrimary tdd-MuiButton-raised tdd-MuiButton-raisedPrimary tdd-Button--button"
      disabled={false}
      onBlur={[Function]}
      onClick={[Function]}
      onFocus={[Function]}
      onKeyDown={[Function]}
      onKeyUp={[Function]}
      onMouseDown={[Function]}
      onMouseLeave={[Function]}
      onMouseUp={[Function]}
      onTouchEnd={[Function]}
      onTouchMove={[Function]}
      onTouchStart={[Function]}
      tabIndex="0"
      type="button"
    >
      <span
        className="tdd-MuiButton-label"
      >
        <span
          className="tdd-Text--body"
        >
          Click To Reset
        </span>
      </span>
      <span
        className="tdd-MuiTouchRipple-root"
      />
    </button>
  </div>,
  <span
    className="tdd-Text--body"
  >
    This example ensures a valid value for the 'test2_range' 
  </span>,
  <hr
    className="tdd-Divider--divider"
  />,
  <div
    className="tdd-Example--noContainer"
  >
    <div
      className="tdd-ButtonGroup--container"
    >
      <button
        className="tdd-MuiButtonBase-root tdd-ButtonGroup--selected"
        disabled={undefined}
        onBlur={[Function]}
        onClick={[Function]}
        onFocus={[Function]}
        onKeyDown={[Function]}
        onKeyUp={[Function]}
        onMouseDown={[Function]}
        onMouseLeave={[Function]}
        onMouseUp={[Function]}
        onTouchEnd={[Function]}
        onTouchMove={[Function]}
        onTouchStart={[Function]}
        tabIndex="0"
        type="button"
      >
        6 Months
      </button>
      <button
        className="tdd-MuiButtonBase-root tdd-ButtonGroup--deselected"
        disabled={undefined}
        onBlur={[Function]}
        onClick={[Function]}
        onFocus={[Function]}
        onKeyDown={[Function]}
        onKeyUp={[Function]}
        onMouseDown={[Function]}
        onMouseLeave={[Function]}
        onMouseUp={[Function]}
        onTouchEnd={[Function]}
        onTouchMove={[Function]}
        onTouchStart={[Function]}
        tabIndex="0"
        type="button"
      >
        9 Months
      </button>
      <button
        className="tdd-MuiButtonBase-root tdd-ButtonGroup--deselected"
        disabled={undefined}
        onBlur={[Function]}
        onClick={[Function]}
        onFocus={[Function]}
        onKeyDown={[Function]}
        onKeyUp={[Function]}
        onMouseDown={[Function]}
        onMouseLeave={[Function]}
        onMouseUp={[Function]}
        onTouchEnd={[Function]}
        onTouchMove={[Function]}
        onTouchStart={[Function]}
        tabIndex="0"
        type="button"
      >
        12 Months
      </button>
    </div>
  </div>,
  <span
    className="tdd-Text--body"
  >
    This example ensures a valid value for the 'test3_range', and also converts it from a string to a number in the props() option so the render function has the right type.
  </span>,
]
`;

exports[`withUrlQueryParam renders examples: md 1`] = `
Array [
  <hr
    className="tdd-Divider--divider"
  />,
  <div
    className="tdd-Example--noContainer"
  >
    <div
      className="tdd-ButtonGroup--container"
    >
      <button
        className="tdd-MuiButtonBase-root tdd-ButtonGroup--deselected"
        data-test-id="test1-6"
        disabled={undefined}
        onBlur={[Function]}
        onClick={[Function]}
        onFocus={[Function]}
        onKeyDown={[Function]}
        onKeyUp={[Function]}
        onMouseDown={[Function]}
        onMouseLeave={[Function]}
        onMouseUp={[Function]}
        onTouchEnd={[Function]}
        onTouchMove={[Function]}
        onTouchStart={[Function]}
        tabIndex="0"
        type="button"
      >
        6 Months
      </button>
      <button
        className="tdd-MuiButtonBase-root tdd-ButtonGroup--deselected"
        data-test-id="test1-9"
        disabled={undefined}
        onBlur={[Function]}
        onClick={[Function]}
        onFocus={[Function]}
        onKeyDown={[Function]}
        onKeyUp={[Function]}
        onMouseDown={[Function]}
        onMouseLeave={[Function]}
        onMouseUp={[Function]}
        onTouchEnd={[Function]}
        onTouchMove={[Function]}
        onTouchStart={[Function]}
        tabIndex="0"
        type="button"
      >
        9 Months
      </button>
      <button
        className="tdd-MuiButtonBase-root tdd-ButtonGroup--deselected"
        data-test-id="test1-12"
        disabled={undefined}
        onBlur={[Function]}
        onClick={[Function]}
        onFocus={[Function]}
        onKeyDown={[Function]}
        onKeyUp={[Function]}
        onMouseDown={[Function]}
        onMouseLeave={[Function]}
        onMouseUp={[Function]}
        onTouchEnd={[Function]}
        onTouchMove={[Function]}
        onTouchStart={[Function]}
        tabIndex="0"
        type="button"
      >
        12 Months
      </button>
    </div>
    <button
      className="tdd-MuiButtonBase-root tdd-MuiButton-root tdd-MuiButton-contained tdd-MuiButton-containedPrimary tdd-MuiButton-raised tdd-MuiButton-raisedPrimary tdd-Button--button"
      data-test-id="test1-reset"
      disabled={false}
      onBlur={[Function]}
      onClick={[Function]}
      onFocus={[Function]}
      onKeyDown={[Function]}
      onKeyUp={[Function]}
      onMouseDown={[Function]}
      onMouseLeave={[Function]}
      onMouseUp={[Function]}
      onTouchEnd={[Function]}
      onTouchMove={[Function]}
      onTouchStart={[Function]}
      tabIndex="0"
      type="button"
    >
      <span
        className="tdd-MuiButton-label"
      >
        <span
          className="tdd-Text--body"
        >
          Click To Reset
        </span>
      </span>
      <span
        className="tdd-MuiTouchRipple-root"
      />
    </button>
  </div>,
  <span
    className="tdd-Text--body"
  >
    In this example, 'test1_range' is the query string parameter.  Click one of the buttons and see how it works.  The last button clears the value, resulting in no button selected.  Also try changing the value by hand.  Change it to an invalid value and notice that no button is selected.
  </span>,
  <hr
    className="tdd-Divider--divider"
  />,
  <div
    className="tdd-Example--noContainer"
  >
    <div
      className="tdd-ButtonGroup--container"
    >
      <button
        className="tdd-MuiButtonBase-root tdd-ButtonGroup--selected"
        disabled={undefined}
        onBlur={[Function]}
        onClick={[Function]}
        onFocus={[Function]}
        onKeyDown={[Function]}
        onKeyUp={[Function]}
        onMouseDown={[Function]}
        onMouseLeave={[Function]}
        onMouseUp={[Function]}
        onTouchEnd={[Function]}
        onTouchMove={[Function]}
        onTouchStart={[Function]}
        tabIndex="0"
        type="button"
      >
        6 Months
      </button>
      <button
        className="tdd-MuiButtonBase-root tdd-ButtonGroup--deselected"
        disabled={undefined}
        onBlur={[Function]}
        onClick={[Function]}
        onFocus={[Function]}
        onKeyDown={[Function]}
        onKeyUp={[Function]}
        onMouseDown={[Function]}
        onMouseLeave={[Function]}
        onMouseUp={[Function]}
        onTouchEnd={[Function]}
        onTouchMove={[Function]}
        onTouchStart={[Function]}
        tabIndex="0"
        type="button"
      >
        9 Months
      </button>
      <button
        className="tdd-MuiButtonBase-root tdd-ButtonGroup--deselected"
        disabled={undefined}
        onBlur={[Function]}
        onClick={[Function]}
        onFocus={[Function]}
        onKeyDown={[Function]}
        onKeyUp={[Function]}
        onMouseDown={[Function]}
        onMouseLeave={[Function]}
        onMouseUp={[Function]}
        onTouchEnd={[Function]}
        onTouchMove={[Function]}
        onTouchStart={[Function]}
        tabIndex="0"
        type="button"
      >
        12 Months
      </button>
    </div>
    <button
      className="tdd-MuiButtonBase-root tdd-MuiButton-root tdd-MuiButton-contained tdd-MuiButton-containedPrimary tdd-MuiButton-raised tdd-MuiButton-raisedPrimary tdd-Button--button"
      disabled={false}
      onBlur={[Function]}
      onClick={[Function]}
      onFocus={[Function]}
      onKeyDown={[Function]}
      onKeyUp={[Function]}
      onMouseDown={[Function]}
      onMouseLeave={[Function]}
      onMouseUp={[Function]}
      onTouchEnd={[Function]}
      onTouchMove={[Function]}
      onTouchStart={[Function]}
      tabIndex="0"
      type="button"
    >
      <span
        className="tdd-MuiButton-label"
      >
        <span
          className="tdd-Text--body"
        >
          Click To Reset
        </span>
      </span>
      <span
        className="tdd-MuiTouchRipple-root"
      />
    </button>
  </div>,
  <span
    className="tdd-Text--body"
  >
    This example ensures a valid value for the 'test2_range' 
  </span>,
  <hr
    className="tdd-Divider--divider"
  />,
  <div
    className="tdd-Example--noContainer"
  >
    <div
      className="tdd-ButtonGroup--container"
    >
      <button
        className="tdd-MuiButtonBase-root tdd-ButtonGroup--selected"
        disabled={undefined}
        onBlur={[Function]}
        onClick={[Function]}
        onFocus={[Function]}
        onKeyDown={[Function]}
        onKeyUp={[Function]}
        onMouseDown={[Function]}
        onMouseLeave={[Function]}
        onMouseUp={[Function]}
        onTouchEnd={[Function]}
        onTouchMove={[Function]}
        onTouchStart={[Function]}
        tabIndex="0"
        type="button"
      >
        6 Months
      </button>
      <button
        className="tdd-MuiButtonBase-root tdd-ButtonGroup--deselected"
        disabled={undefined}
        onBlur={[Function]}
        onClick={[Function]}
        onFocus={[Function]}
        onKeyDown={[Function]}
        onKeyUp={[Function]}
        onMouseDown={[Function]}
        onMouseLeave={[Function]}
        onMouseUp={[Function]}
        onTouchEnd={[Function]}
        onTouchMove={[Function]}
        onTouchStart={[Function]}
        tabIndex="0"
        type="button"
      >
        9 Months
      </button>
      <button
        className="tdd-MuiButtonBase-root tdd-ButtonGroup--deselected"
        disabled={undefined}
        onBlur={[Function]}
        onClick={[Function]}
        onFocus={[Function]}
        onKeyDown={[Function]}
        onKeyUp={[Function]}
        onMouseDown={[Function]}
        onMouseLeave={[Function]}
        onMouseUp={[Function]}
        onTouchEnd={[Function]}
        onTouchMove={[Function]}
        onTouchStart={[Function]}
        tabIndex="0"
        type="button"
      >
        12 Months
      </button>
    </div>
  </div>,
  <span
    className="tdd-Text--body"
  >
    This example ensures a valid value for the 'test3_range', and also converts it from a string to a number in the props() option so the render function has the right type.
  </span>,
]
`;

exports[`withUrlQueryParam renders examples: sm 1`] = `
Array [
  <hr
    className="tdd-Divider--divider"
  />,
  <div
    className="tdd-Example--noContainer"
  >
    <div
      className="tdd-ButtonGroup--container"
    >
      <button
        className="tdd-MuiButtonBase-root tdd-ButtonGroup--deselected"
        data-test-id="test1-6"
        disabled={undefined}
        onBlur={[Function]}
        onClick={[Function]}
        onFocus={[Function]}
        onKeyDown={[Function]}
        onKeyUp={[Function]}
        onMouseDown={[Function]}
        onMouseLeave={[Function]}
        onMouseUp={[Function]}
        onTouchEnd={[Function]}
        onTouchMove={[Function]}
        onTouchStart={[Function]}
        tabIndex="0"
        type="button"
      >
        6 Months
      </button>
      <button
        className="tdd-MuiButtonBase-root tdd-ButtonGroup--deselected"
        data-test-id="test1-9"
        disabled={undefined}
        onBlur={[Function]}
        onClick={[Function]}
        onFocus={[Function]}
        onKeyDown={[Function]}
        onKeyUp={[Function]}
        onMouseDown={[Function]}
        onMouseLeave={[Function]}
        onMouseUp={[Function]}
        onTouchEnd={[Function]}
        onTouchMove={[Function]}
        onTouchStart={[Function]}
        tabIndex="0"
        type="button"
      >
        9 Months
      </button>
      <button
        className="tdd-MuiButtonBase-root tdd-ButtonGroup--deselected"
        data-test-id="test1-12"
        disabled={undefined}
        onBlur={[Function]}
        onClick={[Function]}
        onFocus={[Function]}
        onKeyDown={[Function]}
        onKeyUp={[Function]}
        onMouseDown={[Function]}
        onMouseLeave={[Function]}
        onMouseUp={[Function]}
        onTouchEnd={[Function]}
        onTouchMove={[Function]}
        onTouchStart={[Function]}
        tabIndex="0"
        type="button"
      >
        12 Months
      </button>
    </div>
    <button
      className="tdd-MuiButtonBase-root tdd-MuiButton-root tdd-MuiButton-contained tdd-MuiButton-containedPrimary tdd-MuiButton-raised tdd-MuiButton-raisedPrimary tdd-Button--button"
      data-test-id="test1-reset"
      disabled={false}
      onBlur={[Function]}
      onClick={[Function]}
      onFocus={[Function]}
      onKeyDown={[Function]}
      onKeyUp={[Function]}
      onMouseDown={[Function]}
      onMouseLeave={[Function]}
      onMouseUp={[Function]}
      onTouchEnd={[Function]}
      onTouchMove={[Function]}
      onTouchStart={[Function]}
      tabIndex="0"
      type="button"
    >
      <span
        className="tdd-MuiButton-label"
      >
        <span
          className="tdd-Text--body"
        >
          Click To Reset
        </span>
      </span>
      <span
        className="tdd-MuiTouchRipple-root"
      />
    </button>
  </div>,
  <span
    className="tdd-Text--body"
  >
    In this example, 'test1_range' is the query string parameter.  Click one of the buttons and see how it works.  The last button clears the value, resulting in no button selected.  Also try changing the value by hand.  Change it to an invalid value and notice that no button is selected.
  </span>,
  <hr
    className="tdd-Divider--divider"
  />,
  <div
    className="tdd-Example--noContainer"
  >
    <div
      className="tdd-ButtonGroup--container"
    >
      <button
        className="tdd-MuiButtonBase-root tdd-ButtonGroup--selected"
        disabled={undefined}
        onBlur={[Function]}
        onClick={[Function]}
        onFocus={[Function]}
        onKeyDown={[Function]}
        onKeyUp={[Function]}
        onMouseDown={[Function]}
        onMouseLeave={[Function]}
        onMouseUp={[Function]}
        onTouchEnd={[Function]}
        onTouchMove={[Function]}
        onTouchStart={[Function]}
        tabIndex="0"
        type="button"
      >
        6 Months
      </button>
      <button
        className="tdd-MuiButtonBase-root tdd-ButtonGroup--deselected"
        disabled={undefined}
        onBlur={[Function]}
        onClick={[Function]}
        onFocus={[Function]}
        onKeyDown={[Function]}
        onKeyUp={[Function]}
        onMouseDown={[Function]}
        onMouseLeave={[Function]}
        onMouseUp={[Function]}
        onTouchEnd={[Function]}
        onTouchMove={[Function]}
        onTouchStart={[Function]}
        tabIndex="0"
        type="button"
      >
        9 Months
      </button>
      <button
        className="tdd-MuiButtonBase-root tdd-ButtonGroup--deselected"
        disabled={undefined}
        onBlur={[Function]}
        onClick={[Function]}
        onFocus={[Function]}
        onKeyDown={[Function]}
        onKeyUp={[Function]}
        onMouseDown={[Function]}
        onMouseLeave={[Function]}
        onMouseUp={[Function]}
        onTouchEnd={[Function]}
        onTouchMove={[Function]}
        onTouchStart={[Function]}
        tabIndex="0"
        type="button"
      >
        12 Months
      </button>
    </div>
    <button
      className="tdd-MuiButtonBase-root tdd-MuiButton-root tdd-MuiButton-contained tdd-MuiButton-containedPrimary tdd-MuiButton-raised tdd-MuiButton-raisedPrimary tdd-Button--button"
      disabled={false}
      onBlur={[Function]}
      onClick={[Function]}
      onFocus={[Function]}
      onKeyDown={[Function]}
      onKeyUp={[Function]}
      onMouseDown={[Function]}
      onMouseLeave={[Function]}
      onMouseUp={[Function]}
      onTouchEnd={[Function]}
      onTouchMove={[Function]}
      onTouchStart={[Function]}
      tabIndex="0"
      type="button"
    >
      <span
        className="tdd-MuiButton-label"
      >
        <span
          className="tdd-Text--body"
        >
          Click To Reset
        </span>
      </span>
      <span
        className="tdd-MuiTouchRipple-root"
      />
    </button>
  </div>,
  <span
    className="tdd-Text--body"
  >
    This example ensures a valid value for the 'test2_range' 
  </span>,
  <hr
    className="tdd-Divider--divider"
  />,
  <div
    className="tdd-Example--noContainer"
  >
    <div
      className="tdd-ButtonGroup--container"
    >
      <button
        className="tdd-MuiButtonBase-root tdd-ButtonGroup--selected"
        disabled={undefined}
        onBlur={[Function]}
        onClick={[Function]}
        onFocus={[Function]}
        onKeyDown={[Function]}
        onKeyUp={[Function]}
        onMouseDown={[Function]}
        onMouseLeave={[Function]}
        onMouseUp={[Function]}
        onTouchEnd={[Function]}
        onTouchMove={[Function]}
        onTouchStart={[Function]}
        tabIndex="0"
        type="button"
      >
        6 Months
      </button>
      <button
        className="tdd-MuiButtonBase-root tdd-ButtonGroup--deselected"
        disabled={undefined}
        onBlur={[Function]}
        onClick={[Function]}
        onFocus={[Function]}
        onKeyDown={[Function]}
        onKeyUp={[Function]}
        onMouseDown={[Function]}
        onMouseLeave={[Function]}
        onMouseUp={[Function]}
        onTouchEnd={[Function]}
        onTouchMove={[Function]}
        onTouchStart={[Function]}
        tabIndex="0"
        type="button"
      >
        9 Months
      </button>
      <button
        className="tdd-MuiButtonBase-root tdd-ButtonGroup--deselected"
        disabled={undefined}
        onBlur={[Function]}
        onClick={[Function]}
        onFocus={[Function]}
        onKeyDown={[Function]}
        onKeyUp={[Function]}
        onMouseDown={[Function]}
        onMouseLeave={[Function]}
        onMouseUp={[Function]}
        onTouchEnd={[Function]}
        onTouchMove={[Function]}
        onTouchStart={[Function]}
        tabIndex="0"
        type="button"
      >
        12 Months
      </button>
    </div>
  </div>,
  <span
    className="tdd-Text--body"
  >
    This example ensures a valid value for the 'test3_range', and also converts it from a string to a number in the props() option so the render function has the right type.
  </span>,
]
`;

exports[`withUrlQueryParam renders examples: xl 1`] = `
Array [
  <hr
    className="tdd-Divider--divider"
  />,
  <div
    className="tdd-Example--noContainer"
  >
    <div
      className="tdd-ButtonGroup--container"
    >
      <button
        className="tdd-MuiButtonBase-root tdd-ButtonGroup--deselected"
        data-test-id="test1-6"
        disabled={undefined}
        onBlur={[Function]}
        onClick={[Function]}
        onFocus={[Function]}
        onKeyDown={[Function]}
        onKeyUp={[Function]}
        onMouseDown={[Function]}
        onMouseLeave={[Function]}
        onMouseUp={[Function]}
        onTouchEnd={[Function]}
        onTouchMove={[Function]}
        onTouchStart={[Function]}
        tabIndex="0"
        type="button"
      >
        6 Months
      </button>
      <button
        className="tdd-MuiButtonBase-root tdd-ButtonGroup--deselected"
        data-test-id="test1-9"
        disabled={undefined}
        onBlur={[Function]}
        onClick={[Function]}
        onFocus={[Function]}
        onKeyDown={[Function]}
        onKeyUp={[Function]}
        onMouseDown={[Function]}
        onMouseLeave={[Function]}
        onMouseUp={[Function]}
        onTouchEnd={[Function]}
        onTouchMove={[Function]}
        onTouchStart={[Function]}
        tabIndex="0"
        type="button"
      >
        9 Months
      </button>
      <button
        className="tdd-MuiButtonBase-root tdd-ButtonGroup--deselected"
        data-test-id="test1-12"
        disabled={undefined}
        onBlur={[Function]}
        onClick={[Function]}
        onFocus={[Function]}
        onKeyDown={[Function]}
        onKeyUp={[Function]}
        onMouseDown={[Function]}
        onMouseLeave={[Function]}
        onMouseUp={[Function]}
        onTouchEnd={[Function]}
        onTouchMove={[Function]}
        onTouchStart={[Function]}
        tabIndex="0"
        type="button"
      >
        12 Months
      </button>
    </div>
    <button
      className="tdd-MuiButtonBase-root tdd-MuiButton-root tdd-MuiButton-contained tdd-MuiButton-containedPrimary tdd-MuiButton-raised tdd-MuiButton-raisedPrimary tdd-Button--button"
      data-test-id="test1-reset"
      disabled={false}
      onBlur={[Function]}
      onClick={[Function]}
      onFocus={[Function]}
      onKeyDown={[Function]}
      onKeyUp={[Function]}
      onMouseDown={[Function]}
      onMouseLeave={[Function]}
      onMouseUp={[Function]}
      onTouchEnd={[Function]}
      onTouchMove={[Function]}
      onTouchStart={[Function]}
      tabIndex="0"
      type="button"
    >
      <span
        className="tdd-MuiButton-label"
      >
        <span
          className="tdd-Text--body"
        >
          Click To Reset
        </span>
      </span>
      <span
        className="tdd-MuiTouchRipple-root"
      />
    </button>
  </div>,
  <span
    className="tdd-Text--body"
  >
    In this example, 'test1_range' is the query string parameter.  Click one of the buttons and see how it works.  The last button clears the value, resulting in no button selected.  Also try changing the value by hand.  Change it to an invalid value and notice that no button is selected.
  </span>,
  <hr
    className="tdd-Divider--divider"
  />,
  <div
    className="tdd-Example--noContainer"
  >
    <div
      className="tdd-ButtonGroup--container"
    >
      <button
        className="tdd-MuiButtonBase-root tdd-ButtonGroup--selected"
        disabled={undefined}
        onBlur={[Function]}
        onClick={[Function]}
        onFocus={[Function]}
        onKeyDown={[Function]}
        onKeyUp={[Function]}
        onMouseDown={[Function]}
        onMouseLeave={[Function]}
        onMouseUp={[Function]}
        onTouchEnd={[Function]}
        onTouchMove={[Function]}
        onTouchStart={[Function]}
        tabIndex="0"
        type="button"
      >
        6 Months
      </button>
      <button
        className="tdd-MuiButtonBase-root tdd-ButtonGroup--deselected"
        disabled={undefined}
        onBlur={[Function]}
        onClick={[Function]}
        onFocus={[Function]}
        onKeyDown={[Function]}
        onKeyUp={[Function]}
        onMouseDown={[Function]}
        onMouseLeave={[Function]}
        onMouseUp={[Function]}
        onTouchEnd={[Function]}
        onTouchMove={[Function]}
        onTouchStart={[Function]}
        tabIndex="0"
        type="button"
      >
        9 Months
      </button>
      <button
        className="tdd-MuiButtonBase-root tdd-ButtonGroup--deselected"
        disabled={undefined}
        onBlur={[Function]}
        onClick={[Function]}
        onFocus={[Function]}
        onKeyDown={[Function]}
        onKeyUp={[Function]}
        onMouseDown={[Function]}
        onMouseLeave={[Function]}
        onMouseUp={[Function]}
        onTouchEnd={[Function]}
        onTouchMove={[Function]}
        onTouchStart={[Function]}
        tabIndex="0"
        type="button"
      >
        12 Months
      </button>
    </div>
    <button
      className="tdd-MuiButtonBase-root tdd-MuiButton-root tdd-MuiButton-contained tdd-MuiButton-containedPrimary tdd-MuiButton-raised tdd-MuiButton-raisedPrimary tdd-Button--button"
      disabled={false}
      onBlur={[Function]}
      onClick={[Function]}
      onFocus={[Function]}
      onKeyDown={[Function]}
      onKeyUp={[Function]}
      onMouseDown={[Function]}
      onMouseLeave={[Function]}
      onMouseUp={[Function]}
      onTouchEnd={[Function]}
      onTouchMove={[Function]}
      onTouchStart={[Function]}
      tabIndex="0"
      type="button"
    >
      <span
        className="tdd-MuiButton-label"
      >
        <span
          className="tdd-Text--body"
        >
          Click To Reset
        </span>
      </span>
      <span
        className="tdd-MuiTouchRipple-root"
      />
    </button>
  </div>,
  <span
    className="tdd-Text--body"
  >
    This example ensures a valid value for the 'test2_range' 
  </span>,
  <hr
    className="tdd-Divider--divider"
  />,
  <div
    className="tdd-Example--noContainer"
  >
    <div
      className="tdd-ButtonGroup--container"
    >
      <button
        className="tdd-MuiButtonBase-root tdd-ButtonGroup--selected"
        disabled={undefined}
        onBlur={[Function]}
        onClick={[Function]}
        onFocus={[Function]}
        onKeyDown={[Function]}
        onKeyUp={[Function]}
        onMouseDown={[Function]}
        onMouseLeave={[Function]}
        onMouseUp={[Function]}
        onTouchEnd={[Function]}
        onTouchMove={[Function]}
        onTouchStart={[Function]}
        tabIndex="0"
        type="button"
      >
        6 Months
      </button>
      <button
        className="tdd-MuiButtonBase-root tdd-ButtonGroup--deselected"
        disabled={undefined}
        onBlur={[Function]}
        onClick={[Function]}
        onFocus={[Function]}
        onKeyDown={[Function]}
        onKeyUp={[Function]}
        onMouseDown={[Function]}
        onMouseLeave={[Function]}
        onMouseUp={[Function]}
        onTouchEnd={[Function]}
        onTouchMove={[Function]}
        onTouchStart={[Function]}
        tabIndex="0"
        type="button"
      >
        9 Months
      </button>
      <button
        className="tdd-MuiButtonBase-root tdd-ButtonGroup--deselected"
        disabled={undefined}
        onBlur={[Function]}
        onClick={[Function]}
        onFocus={[Function]}
        onKeyDown={[Function]}
        onKeyUp={[Function]}
        onMouseDown={[Function]}
        onMouseLeave={[Function]}
        onMouseUp={[Function]}
        onTouchEnd={[Function]}
        onTouchMove={[Function]}
        onTouchStart={[Function]}
        tabIndex="0"
        type="button"
      >
        12 Months
      </button>
    </div>
  </div>,
  <span
    className="tdd-Text--body"
  >
    This example ensures a valid value for the 'test3_range', and also converts it from a string to a number in the props() option so the render function has the right type.
  </span>,
]
`;

exports[`withUrlQueryParam renders examples: xs 1`] = `
Array [
  <hr
    className="tdd-Divider--divider"
  />,
  <div
    className="tdd-Example--noContainer"
  >
    <div
      className="tdd-ButtonGroup--container"
    >
      <button
        className="tdd-MuiButtonBase-root tdd-ButtonGroup--deselected"
        data-test-id="test1-6"
        disabled={undefined}
        onBlur={[Function]}
        onClick={[Function]}
        onFocus={[Function]}
        onKeyDown={[Function]}
        onKeyUp={[Function]}
        onMouseDown={[Function]}
        onMouseLeave={[Function]}
        onMouseUp={[Function]}
        onTouchEnd={[Function]}
        onTouchMove={[Function]}
        onTouchStart={[Function]}
        tabIndex="0"
        type="button"
      >
        6 Months
      </button>
      <button
        className="tdd-MuiButtonBase-root tdd-ButtonGroup--deselected"
        data-test-id="test1-9"
        disabled={undefined}
        onBlur={[Function]}
        onClick={[Function]}
        onFocus={[Function]}
        onKeyDown={[Function]}
        onKeyUp={[Function]}
        onMouseDown={[Function]}
        onMouseLeave={[Function]}
        onMouseUp={[Function]}
        onTouchEnd={[Function]}
        onTouchMove={[Function]}
        onTouchStart={[Function]}
        tabIndex="0"
        type="button"
      >
        9 Months
      </button>
      <button
        className="tdd-MuiButtonBase-root tdd-ButtonGroup--deselected"
        data-test-id="test1-12"
        disabled={undefined}
        onBlur={[Function]}
        onClick={[Function]}
        onFocus={[Function]}
        onKeyDown={[Function]}
        onKeyUp={[Function]}
        onMouseDown={[Function]}
        onMouseLeave={[Function]}
        onMouseUp={[Function]}
        onTouchEnd={[Function]}
        onTouchMove={[Function]}
        onTouchStart={[Function]}
        tabIndex="0"
        type="button"
      >
        12 Months
      </button>
    </div>
    <button
      className="tdd-MuiButtonBase-root tdd-MuiButton-root tdd-MuiButton-contained tdd-MuiButton-containedPrimary tdd-MuiButton-raised tdd-MuiButton-raisedPrimary tdd-Button--button"
      data-test-id="test1-reset"
      disabled={false}
      onBlur={[Function]}
      onClick={[Function]}
      onFocus={[Function]}
      onKeyDown={[Function]}
      onKeyUp={[Function]}
      onMouseDown={[Function]}
      onMouseLeave={[Function]}
      onMouseUp={[Function]}
      onTouchEnd={[Function]}
      onTouchMove={[Function]}
      onTouchStart={[Function]}
      tabIndex="0"
      type="button"
    >
      <span
        className="tdd-MuiButton-label"
      >
        <span
          className="tdd-Text--body"
        >
          Click To Reset
        </span>
      </span>
      <span
        className="tdd-MuiTouchRipple-root"
      />
    </button>
  </div>,
  <span
    className="tdd-Text--body"
  >
    In this example, 'test1_range' is the query string parameter.  Click one of the buttons and see how it works.  The last button clears the value, resulting in no button selected.  Also try changing the value by hand.  Change it to an invalid value and notice that no button is selected.
  </span>,
  <hr
    className="tdd-Divider--divider"
  />,
  <div
    className="tdd-Example--noContainer"
  >
    <div
      className="tdd-ButtonGroup--container"
    >
      <button
        className="tdd-MuiButtonBase-root tdd-ButtonGroup--selected"
        disabled={undefined}
        onBlur={[Function]}
        onClick={[Function]}
        onFocus={[Function]}
        onKeyDown={[Function]}
        onKeyUp={[Function]}
        onMouseDown={[Function]}
        onMouseLeave={[Function]}
        onMouseUp={[Function]}
        onTouchEnd={[Function]}
        onTouchMove={[Function]}
        onTouchStart={[Function]}
        tabIndex="0"
        type="button"
      >
        6 Months
      </button>
      <button
        className="tdd-MuiButtonBase-root tdd-ButtonGroup--deselected"
        disabled={undefined}
        onBlur={[Function]}
        onClick={[Function]}
        onFocus={[Function]}
        onKeyDown={[Function]}
        onKeyUp={[Function]}
        onMouseDown={[Function]}
        onMouseLeave={[Function]}
        onMouseUp={[Function]}
        onTouchEnd={[Function]}
        onTouchMove={[Function]}
        onTouchStart={[Function]}
        tabIndex="0"
        type="button"
      >
        9 Months
      </button>
      <button
        className="tdd-MuiButtonBase-root tdd-ButtonGroup--deselected"
        disabled={undefined}
        onBlur={[Function]}
        onClick={[Function]}
        onFocus={[Function]}
        onKeyDown={[Function]}
        onKeyUp={[Function]}
        onMouseDown={[Function]}
        onMouseLeave={[Function]}
        onMouseUp={[Function]}
        onTouchEnd={[Function]}
        onTouchMove={[Function]}
        onTouchStart={[Function]}
        tabIndex="0"
        type="button"
      >
        12 Months
      </button>
    </div>
    <button
      className="tdd-MuiButtonBase-root tdd-MuiButton-root tdd-MuiButton-contained tdd-MuiButton-containedPrimary tdd-MuiButton-raised tdd-MuiButton-raisedPrimary tdd-Button--button"
      disabled={false}
      onBlur={[Function]}
      onClick={[Function]}
      onFocus={[Function]}
      onKeyDown={[Function]}
      onKeyUp={[Function]}
      onMouseDown={[Function]}
      onMouseLeave={[Function]}
      onMouseUp={[Function]}
      onTouchEnd={[Function]}
      onTouchMove={[Function]}
      onTouchStart={[Function]}
      tabIndex="0"
      type="button"
    >
      <span
        className="tdd-MuiButton-label"
      >
        <span
          className="tdd-Text--body"
        >
          Click To Reset
        </span>
      </span>
      <span
        className="tdd-MuiTouchRipple-root"
      />
    </button>
  </div>,
  <span
    className="tdd-Text--body"
  >
    This example ensures a valid value for the 'test2_range' 
  </span>,
  <hr
    className="tdd-Divider--divider"
  />,
  <div
    className="tdd-Example--noContainer"
  >
    <div
      className="tdd-ButtonGroup--container"
    >
      <button
        className="tdd-MuiButtonBase-root tdd-ButtonGroup--selected"
        disabled={undefined}
        onBlur={[Function]}
        onClick={[Function]}
        onFocus={[Function]}
        onKeyDown={[Function]}
        onKeyUp={[Function]}
        onMouseDown={[Function]}
        onMouseLeave={[Function]}
        onMouseUp={[Function]}
        onTouchEnd={[Function]}
        onTouchMove={[Function]}
        onTouchStart={[Function]}
        tabIndex="0"
        type="button"
      >
        6 Months
      </button>
      <button
        className="tdd-MuiButtonBase-root tdd-ButtonGroup--deselected"
        disabled={undefined}
        onBlur={[Function]}
        onClick={[Function]}
        onFocus={[Function]}
        onKeyDown={[Function]}
        onKeyUp={[Function]}
        onMouseDown={[Function]}
        onMouseLeave={[Function]}
        onMouseUp={[Function]}
        onTouchEnd={[Function]}
        onTouchMove={[Function]}
        onTouchStart={[Function]}
        tabIndex="0"
        type="button"
      >
        9 Months
      </button>
      <button
        className="tdd-MuiButtonBase-root tdd-ButtonGroup--deselected"
        disabled={undefined}
        onBlur={[Function]}
        onClick={[Function]}
        onFocus={[Function]}
        onKeyDown={[Function]}
        onKeyUp={[Function]}
        onMouseDown={[Function]}
        onMouseLeave={[Function]}
        onMouseUp={[Function]}
        onTouchEnd={[Function]}
        onTouchMove={[Function]}
        onTouchStart={[Function]}
        tabIndex="0"
        type="button"
      >
        12 Months
      </button>
    </div>
  </div>,
  <span
    className="tdd-Text--body"
  >
    This example ensures a valid value for the 'test3_range', and also converts it from a string to a number in the props() option so the render function has the right type.
  </span>,
]
`;
